[ceres.ufrn.br/index.html]
[maxcdn.bootstrapcdn.com/font-awesome/4.5.0/css/font-awesome.min.css]
[ceres.ufrn.br/assets/vendors/bootstrap/css/bootstrap.css]
[ceres.ufrn.br/assets/vendors/font-awesome/css/font-awesome.min.css]
[ceres.ufrn.br/assets/vendors/owl-carousel/css/owl.carousel.css]
[ceres.ufrn.br/assets/vendors/lightbox2/css/lightbox.css]
[ceres.ufrn.br/assets/css/bootstrap.custom5438.css]
[backblue.gif]
[fade.gif]
[index.html]
[ceres.ufrn.br/assets/css/barragoverno5438.css]
[ceres.ufrn.br/assets/vendors/jquery/jquery.js]
[www.google-analytics.com/analytics.js]
[arquivos.info.ufrn.br/arquivos/2023032242cfad1243936953c7d717b89d/STICookieConsent.js]
[ceres.ufrn.br/assets/img/brasao.png]
[ceres.ufrn.br/fale-conosco.html]
[ceres.ufrn.br/mapa.html]
[ceres.ufrn.br/assets/img/img_header09.webp]
[ceres.ufrn.br/assets/img/img_header01.png]
[ceres.ufrn.br/assets/img/img_header02.png]
[ceres.ufrn.br/assets/img/img_header03.png]
[ceres.ufrn.br/busca.html]
[ceres.ufrn.br/institucional/sobre_inicial.html]
[ceres.ufrn.br/institucional/direcao.html]
[ceres.ufrn.br/institucional/departamentos.html]
[ceres.ufrn.br/ensino/graduacao.html]
[ceres.ufrn.br/ensino/pos-graduacao.html]
[ceres.ufrn.br/pesquisa.html]
[ceres.ufrn.br/extensao.html]
[ceres.ufrn.br/noticias.html]
[ceres.ufrn.br/documentos.html]
[ceres.ufrn.br/npj.html]
[ceres.ufrn.br/noticias/60377731/encerramento-da-greve-dos-docentes-da-ufrn.html]
[ceres.ufrn.br/assets/img/img_noticias.jpg]
[ceres.ufrn.br/noticias/60283532/festival-da-musica-potiguar-brasileira-fmpb-11-anos.html]
[ceres.ufrn.br/noticias/60283521/curso-de-especializacao-em-gestao-publica-auditoria-e-controladoria-turma-do-semestre-2024.html]
[arquivos.info.ufrn.br/arquivos/2024188012d1fc14894924603a7f0ce87d/WhatsApp_Image_2024-06-07_at_09.31.14.jpeg]
[ceres.ufrn.br/noticias/60258707/relatorio-de-gestao-do-ceres-em-2023.html]
[ceres.ufrn.br/noticias/60258670/logo-comemorativo-aos-50-anos-do-ceres.html]
[arquivos.info.ufrn.br/arquivos/202408007764b514886918942329ef72c1/Logo_comemorativo_aos_50_anos_do_CERES.png]
[ceres.ufrn.br/sobre.html]
[ceres.ufrn.br/documentos/documentoe566.html]
[ceres.ufrn.br/documentos/documento366c.html]
[ceres.ufrn.br/documentos/documento3238.html]
[ceres.ufrn.br/documentos/documentoeffb.html]
[ceres.ufrn.br/documentos/documentocc83.html]
[ceres.ufrn.br/documentos/documentof9ab.html]
[ceres.ufrn.br/assets/img/parceiros/portal.png]
[ceres.ufrn.br/assets/img/parceiros/ufrn.png]
[ceres.ufrn.br/assets/img/parceiros/capes_hover.png]
[ceres.ufrn.br/transparencia/index.html]
[ceres.ufrn.br/assets/img/parceiros/periodicos_hover.png]
[ceres.ufrn.br/assets/img/parceiros/sti.png]
[ceres.ufrn.br/assets/img/parceiros/ufrnet.png]
[ceres.ufrn.br/assets/img/parceiros/governo.png]
[ceres.ufrn.br/_libs/bootstrap/js/bootstrap.min.js]
[ceres.ufrn.br/_libs/lightbox2/js/lightbox.min.js]
[ceres.ufrn.br/assets/vendors/owl-carousel/js/owl.carousel.min.js]
[ceres.ufrn.br/assets/js/main5438.js]
[barra.brasil.gov.br/barra.js]
[ceres.ufrn.br/index.html]
[maxcdn.bootstrapcdn.com/font-awesome/4.5.0/css/font-awesome.min.css]
[ceres.ufrn.br/assets/js/barragoverno.hack5438.js]
[ceres.ufrn.br/assets/vendors/bootstrap/fonts/glyphicons-halflings-regular.eot]
[ceres.ufrn.br/assets/vendors/bootstrap/fonts/glyphicons-halflings-regulard41d.eot]
[ceres.ufrn.br/assets/vendors/bootstrap/fonts/glyphicons-halflings-regular.woff2]
[ceres.ufrn.br/assets/vendors/bootstrap/fonts/glyphicons-halflings-regular.woff]
[ceres.ufrn.br/assets/vendors/bootstrap/fonts/glyphicons-halflings-regular.ttf]
[ceres.ufrn.br/assets/vendors/bootstrap/css/bootstrap.css]
[ceres.ufrn.br/assets/vendors/bootstrap/fonts/glyphicons-halflings-regular.svg]
[ceres.ufrn.br/assets/vendors/font-awesome/fonts/fontawesome-webfont3295.eot]
[ceres.ufrn.br/assets/vendors/font-awesome/fonts/fontawesome-webfontd41d.eot]
[ceres.ufrn.br/assets/vendors/font-awesome/fonts/fontawesome-webfont3295.woff2]
[ceres.ufrn.br/assets/vendors/font-awesome/fonts/fontawesome-webfont3295.woff]
[ceres.ufrn.br/assets/vendors/font-awesome/fonts/fontawesome-webfont3295.ttf]
[ceres.ufrn.br/assets/vendors/font-awesome/css/font-awesome.min.css]
[ceres.ufrn.br/assets/vendors/font-awesome/fonts/fontawesome-webfont3295.svg]
[ceres.ufrn.br/assets/vendors/owl-carousel/css/owl.carousel.css]
[ceres.ufrn.br/assets/vendors/owl-carousel/css/owl.video.play.html]
[ceres.ufrn.br/assets/vendors/lightbox2/images/close.png]
[ceres.ufrn.br/assets/vendors/lightbox2/images/loading.gif]
[ceres.ufrn.br/assets/vendors/lightbox2/images/prev.png]
[ceres.ufrn.br/assets/vendors/lightbox2/images/next.png]
[ceres.ufrn.br/assets/vendors/lightbox2/css/lightbox.css]
[ceres.ufrn.br/assets/img/separador_redes.png]
[ceres.ufrn.br/assets/css/bootstrap.custom5438.css]
[ceres.ufrn.br/assets/css/barragoverno5438.css]
[ceres.ufrn.br/assets/js/jquery.validate.js]
[ceres.ufrn.br/assets/js/jquery.validate.messages_pt_BR.js]
[ceres.ufrn.br/fale-conosco.html]
[ceres.ufrn.br/mapa.html]
[ceres.ufrn.br/assets/js/sinfo.mathCheckerExpression.js]
[cse.google.com/f78cb.txt]
[ceres.ufrn.br/busca.html]
[ceres.ufrn.br/institucional/sobre_inicial.html]
[ceres.ufrn.br/institucional/direcao.html]
[ceres.ufrn.br/institucional/departamentos.html]
[ceres.ufrn.br/ensino/graduacao.html]
[ceres.ufrn.br/ensino/pos-graduacao.html]
[ceres.ufrn.br/pesquisa.html]
[ceres.ufrn.br/extensao.html]
[ceres.ufrn.br/assets/css/busca.css]
[ceres.ufrn.br/noticias/59538635/a-agua-nos-une-o-clima-nos-move-vamos-cuidar-das-aguas-do-serido.html]
[ceres.ufrn.br/noticias/57052965/i-pit-stop-da-caju-celebrando-o-dia-do-contabilista.html]
[ceres.ufrn.br/noticias/56822913/resultado-do-concurso-para-a-escolha-da-logomarca-dos-50-anos-do-ceres.html]
[ceres.ufrn.br/noticias/56634010/resultado-das-inscricoes-do-edital-para-selecao-de-uma-logomarca-alusiva-ao-50o-aniversario-do-centro-de-ensino-superior-do-serido.html]
[ceres.ufrn.br/noticias/56573165/mestrado-profissional-em-geografia-geoprof-ufrn-ceres-cchla-abre-selecao-com-oferta-de-23-vinte-e-tres-vagas-para-aluno-regular.html]
[ceres.ufrn.br/noticias/56540042/resultado-final-do-processo-de-selecao-para-o-curso-de-especializacao-em-contabilidade-e-controladoria-no-site-do-ceres.html]
[ceres.ufrn.br/noticias/56221943/divulgado-o-resultado-da-avaliacao-de-curriculo-da-selecao-para-a-especializacao-em-contabilidade-e-controladoria.html]
[ceres.ufrn.br/noticias/56221846/divulgado-o-resultado-da-selecao-para-a-especializacao-em-contabilidade-e-controladoria.html]
[ceres.ufrn.br/noticias/56068113/logomarca-50-anos-do-ceres.html]
[ceres.ufrn.br/noticias/55724957/esta-aberto-o-processo-seletivo-para-o-curso-de-especializacao-em-contabilidade-e-controladoria-do-ceres-modalidade-ead.html]
[ceres.ufrn.br/noticiascff1.html]
[ceres.ufrn.br/noticias905b.html]
[ceres.ufrn.br/noticias2207.html]
[ceres.ufrn.br/noticias5c7e.html]
[ceres.ufrn.br/noticiasc471.html]
[ceres.ufrn.br/noticias42dc.html]
[ceres.ufrn.br/noticiasc4f7.html]
[ceres.ufrn.br/noticias2df4.html]
[ceres.ufrn.br/noticiasb5fb.html]
[ceres.ufrn.br/noticias64b4.html]
[ceres.ufrn.br/noticias5757.html]
[ceres.ufrn.br/noticias.html]
[ceres.ufrn.br/noticias678b.html]
[arquivos.info.ufrn.br/arquivos/2024082131d2cd1488687182f5bba207af/Logo_comemorativo_aos_50_anos_do_CERES.png]
[ceres.ufrn.br/documentos/documento9e9a.html]
[ceres.ufrn.br/documentos/documento55b2.html]
[ceres.ufrn.br/documentos/documentoa13c.html]
[ceres.ufrn.br/documentos/documento5b85.html]
[ceres.ufrn.br/documentos.html]
[ceres.ufrn.br/documentos/documento7ca0.html]
[ceres.ufrn.br/assets/img/topo_npj.png]
[ceres.ufrn.br/npj.html]
[ceres.ufrn.br/noticias/60377731/encerramento-da-greve-dos-docentes-da-ufrn.html]
[ceres.ufrn.br/noticias/60283532/festival-da-musica-potiguar-brasileira-fmpb-11-anos.html]
[ceres.ufrn.br/noticias/60283521/curso-de-especializacao-em-gestao-publica-auditoria-e-controladoria-turma-do-semestre-2024.html]
[ceres.ufrn.br/noticias/60258707/relatorio-de-gestao-do-ceres-em-2023.html]
[arquivos.info.ufrn.br/arquivos/202401803015ca14886915ca994a1f773d/Logo_comemorativo_aos_50_anos_do_CERES.png]
[ceres.ufrn.br/noticias/60258670/logo-comemorativo-aos-50-anos-do-ceres.html]
[ceres.ufrn.br/sobre.html]
[ceres.ufrn.br/documentos/documento0572.html]
[ceres.ufrn.br/documentos/documento089a.html]
[ceres.ufrn.br/documentos/documento67d5.html]
[ceres.ufrn.br/documentos/documentoe1e5.html]
[ceres.ufrn.br/documentos/documento0cca.html]
[ceres.ufrn.br/documentos/documento8206.html]
[ceres.ufrn.br/documentos/documentof3b7.html]
[ceres.ufrn.br/documentos/documento2977.html]
[ceres.ufrn.br/documentos/documentof507.html]
[ceres.ufrn.br/documentos/documentoac05.html]
[ceres.ufrn.br/documentos/documentob507.html]
[ceres.ufrn.br/documentos/documento61a9.html]
[ceres.ufrn.br/documentos/documento1f66.html]
[ceres.ufrn.br/documentos/documentoe566.html]
[ceres.ufrn.br/documentos/documentob5aa.html]
[ceres.ufrn.br/documentos/documento2966.html]
[ceres.ufrn.br/documentos/documento69c2.html]
[ceres.ufrn.br/documentos/documento8e68.html]
[ceres.ufrn.br/documentos/documentoc604.html]
[ceres.ufrn.br/documentos/documento40d1.html]
[ceres.ufrn.br/documentos/documentof7af.html]
[ceres.ufrn.br/documentos/documentobd36.html]
[ceres.ufrn.br/documentos/documento720b.html]
[ceres.ufrn.br/documentos/documento366c.html]
[ceres.ufrn.br/documentos/documentod66f.html]
[ceres.ufrn.br/documentos/documento5d51.html]
[ceres.ufrn.br/documentos/documento15df.html]
[ceres.ufrn.br/documentos/documento3238.html]
[ceres.ufrn.br/documentos/documento44f6.html]
[ceres.ufrn.br/documentos/documento65bd.html]
[ceres.ufrn.br/documentos/documentofc71.html]
[ceres.ufrn.br/documentos/documento8c8e.html]
[ceres.ufrn.br/documentos/documento98f2.html]
[ceres.ufrn.br/documentos/documento787f.html]
[ceres.ufrn.br/documentos/documentoeffb.html]
[ceres.ufrn.br/documentos/documentocc83.html]
[ceres.ufrn.br/documentos/documentof9ab.html]
[ceres.ufrn.br/transparencia/index.html]
[ceres.ufrn.br/assets/vendors/bootstrap/fonts/glyphicons-halflings-regular.svg]
[ceres.ufrn.br/assets/vendors/font-awesome/fonts/fontawesome-webfont3295.svg]
[ceres.ufrn.br/assets/vendors/owl-carousel/css/owl.video.play.html]
[s7.addthis.com/js/250/addthis_widget.js]
[ceres.ufrn.br/assets/css/busca.css]
[ceres.ufrn.br/documentos/documento7a1b.html]
[arquivos.info.ufrn.br/arquivos/2024219082cea51460050676854767ec59/1_1.png]
[ceres.ufrn.br/noticias/59538635/a-agua-nos-une-o-clima-nos-move-vamos-cuidar-das-aguas-do-serido.html]
[arquivos.info.ufrn.br/arquivos/2023206070bd4e13631854ce0968942a6f/PIT_STOP_Site.jpg]
[ceres.ufrn.br/noticias/57052965/i-pit-stop-da-caju-celebrando-o-dia-do-contabilista.html]
[ceres.ufrn.br/noticias/56822913/resultado-do-concurso-para-a-escolha-da-logomarca-dos-50-anos-do-ceres.html]
[ceres.ufrn.br/noticias/56634010/resultado-das-inscricoes-do-edital-para-selecao-de-uma-logomarca-alusiva-ao-50o-aniversario-do-centro-de-ensino-superior-do-serido.html]
[arquivos.info.ufrn.br/arquivos/20230040711893134019077380c27ca92a/2.png]
[ceres.ufrn.br/noticias/56573165/mestrado-profissional-em-geografia-geoprof-ufrn-ceres-cchla-abre-selecao-com-oferta-de-23-vinte-e-tres-vagas-para-aluno-regular.html]
[ceres.ufrn.br/noticias/56540042/resultado-final-do-processo-de-selecao-para-o-curso-de-especializacao-em-contabilidade-e-controladoria-no-site-do-ceres.html]
[ceres.ufrn.br/noticias/56221943/divulgado-o-resultado-da-avaliacao-de-curriculo-da-selecao-para-a-especializacao-em-contabilidade-e-controladoria.html]
[ceres.ufrn.br/noticias/56221846/divulgado-o-resultado-da-selecao-para-a-especializacao-em-contabilidade-e-controladoria.html]
[ceres.ufrn.br/noticias/56068113/logomarca-50-anos-do-ceres.html]
[ceres.ufrn.br/noticias/55724957/esta-aberto-o-processo-seletivo-para-o-curso-de-especializacao-em-contabilidade-e-controladoria-do-ceres-modalidade-ead.html]
[ceres.ufrn.br/noticiascff1.html]
[ceres.ufrn.br/noticias/55585281/resultado-do-processo-seletivo-para-bolsista-de-apoio-tecnico-e-administrativo-para-discentes-de-graduacao-do-ceres.html]
[ceres.ufrn.br/noticias/55514414/esta-aberto-o-processo-seletivo-para-bolsista-de-apoio-tecnico-e-administrativo-para-discentes-de-graduacao-do-ceres.html]
[ceres.ufrn.br/noticias/55361278/comecou-hoje-o-curso-de-iniciacao-a-museologia-do-museu-do-serido.html]
[ceres.ufrn.br/noticias/55244288/convite-aula-inaugural-2023.html]
[ceres.ufrn.br/noticias/55172032/abertas-as-inscricoes-para-o-cursinho-da-ufrn.html]
[ceres.ufrn.br/noticias/55111999/convite-participe-da-definicao-da-programacao-dos-50-anos-do-ceres.html]
[ceres.ufrn.br/noticias/55109400/resultado-do-edital-001-2023-selo-comemorativo-dos-15-anos-da-bs-ceres.html]
[ceres.ufrn.br/noticias/55109363/divulgado-o-resultado-da-selecao-para-bolsista-de-apoio-tecnico-e-administrativo-da-assistencia-estudantil-ceres.html]
[ceres.ufrn.br/noticias/55024731/lista-de-inscricoes-homologadas-do-edital-001-2023-selo-comemorativo-dos-15-anos-da-bs-ceres.html]
[ceres.ufrn.br/noticias/55024662/publicado-resultado-dos-alunos-que-tiveram-a-inscricao-homologada-no-processo-seletivo-para-bolsista-de-apoio-tecnico-da-assistencia-estudantil.html]
[ceres.ufrn.br/noticias/54928255/esta-aberto-o-processo-seletivo-para-bolsista-de-apoio-tecnico-e-administrativo-do-setor-de-assistencia-estudantil-do-ceres.html]
[ceres.ufrn.br/noticias/54833166/edital-001-2023-selo-comemorativo-dos-15-anos-da-bs-ceres.html]
[ceres.ufrn.br/noticias/53318966/museu-do-serido-apresenta-sua-terceira-exposicao-em-2022.html]
[ceres.ufrn.br/noticias905b.html]
[ceres.ufrn.br/noticias/52514365/memoria-afetiva-e-tema-de-exposicao-virtual-do-museu-do-serido.html]
[ceres.ufrn.br/noticias/51212246/resultado-final-do-processo-seletivo-para-bolsista-edital-no-001-2022-dct.html]
[ceres.ufrn.br/noticias/51188466/cronograma-de-entrevistas-do-processo-seletivo-para-bolsista-edital-no-001-2022-dct.html]
[ceres.ufrn.br/noticias/51166000/resultado-das-inscricoes-homologadas-do-processo-seletivo-para-bolsista-edital-no-001-2022-dct.html]
[ceres.ufrn.br/noticias/51045764/esta-aberto-o-processo-seletivo-para-bolsista-de-apoio-tecnico-e-administrativo-do-departamento-de-computacao-e-tecnologia-do-ceres.html]
[ceres.ufrn.br/noticias/51036957/resultado-do-processo-seletivo-para-bolsistas-de-apoio-tecnico-e-administrativo-para-discentes-de-graduacao-do-ceres.html]
[ceres.ufrn.br/noticias/50650368/esta-aberto-o-periodo-de-inscricao-das-candidaturas-para-eleicao-de-vice-chefe-do-departamento-de-ciencias-exatas-e-aplicadas-do-ceres-ufrn.html]
[ceres.ufrn.br/noticias/49958814/resultado-final-da-selecao-de-bolsistas-para-secretaria-geral-do-ceres.html]
[ceres.ufrn.br/noticias/49921496/esta-aberto-o-edital-do-processo-seletivo-para-selecao-de-bolsistas-para-atuarem-na-estacao-climatologica-do-serido.html]
[ceres.ufrn.br/noticias/49783415/resultado-das-inscricoes-homologadas-processo-seletivo-para-bolsistas-edital-no-001-2022-ceres.html]
[ceres.ufrn.br/noticias/49735020/edital-para-realizacao-de-eleicoes-representantes-docentes-do-ceres-na-comissao-permanente-de-pessoal-docente-cppd.html]
[ceres.ufrn.br/noticias/49586818/esta-aberto-o-processo-seletivo-para-bolsista-de-apoio-tecnico-e-administrativo-para-discentes-de-graduacao-do-ceres.html]
[ceres.ufrn.br/noticias/49256649/resultado-da-selecao-de-bolsista-do-setor-de-patrimonio.html]
[ceres.ufrn.br/noticias/49159386/resultado-da-analise-das-inscricoes-para-a-bolsa-de-apoio-tecnico-do-setor-de-patrimonio.html]
[ceres.ufrn.br/noticias/48828150/resultado-final-processo-seletivo-para-bolsista-de-apoio-tecnico-e-administrativo-para-discentes-de-graduacao-do-ceres.html]
[ceres.ufrn.br/noticias2207.html]
[ceres.ufrn.br/noticias/48768854/retificacao-e-cronograma-de-entrevistas-para-selecao-de-bolsista-de-apoio-tecnico-e-administrativo-da-secretaria-unificada-dos-cursos-de-graduacao-ceres.html]
[ceres.ufrn.br/noticias/48759837/homologacao-das-inscricoes-para-o-processo-seletivo-de-bolsista-de-apoio-tecnico-e-administrativo-da-secretaria-unificada-dos-cursos-de-graduacao-ceres.html]
[ceres.ufrn.br/noticias/48709384/resultado-da-selecao-para-bolsistas-de-apoio-tecnico-e-administrativo-edital-002-2022-ceres.html]
[ceres.ufrn.br/noticias/48708187/esta-aberto-o-processo-seletivo-para-bolsista-de-apoio-tecnico-e-administrativo-para-discentes-de-graduacao-do-ceres.html]
[ceres.ufrn.br/noticias/48695401/resultado-dos-candidatos-aptos-para-a-segunda-fase-do-edital-de-selecao-para-bolsa-tecnico-administrativa-na-biblioteca-do-ceres.html]
[ceres.ufrn.br/noticias/48539947/projeto-de-extensao-simpples-vence-a-categoria-desafio-de-ideias-no-forum-saude-conexao-startup.html]
[ceres.ufrn.br/noticias/47326473/setembro-amarelo-no-ceres.html]
[ceres.ufrn.br/noticias/46717915/museu-do-serido-promove-a-exposicao-devocoes-do-serido.html]
[ceres.ufrn.br/noticias/46146433/aula-inaugural-com-a-tematica-tecnologia-e-pandemia-desafios-socio-politicos-para-nosso-tempo.html]
[ceres.ufrn.br/noticias/45486515/ceres-realiza-evento-virtual-de-boas-vindas-aos-ingressantes.html]
[ceres.ufrn.br/noticias/45145037/inscricoes-abertas-para-o-processo-seletivo-do-curso-de-pos-graduacao-lato-sensu-alfabetizacao-neurociencias-interfaces-na-educacao-integral.html]
[ceres.ufrn.br/noticias/45052330/seminario-questao-agraria-e-resistencia-camponesa.html]
[ceres.ufrn.br/noticias/45036007/minicurso-sobre-classificacao-de-servicos-ecossistemicos-da-caatinga.html]
[ceres.ufrn.br/noticias/45027586/departamento-de-educacao-do-ceres-inscreve-para-pos-graduacao.html]
[ceres.ufrn.br/noticias/44884804/resultado-editais-de-selecao-para-bolsistas-de-comunicacao-e-midias-do-ceres.html]
[ceres.ufrn.br/noticias5c7e.html]
[ceres.ufrn.br/noticias/44822867/selecao-de-bolsistas-para-midias-do-ceres--resultado-parcial.html]
[ceres.ufrn.br/noticias/44767280/selecao-de-bolsista-de-apoio-administrativo-e-apoio-tecnico-para-o-ceres.html]
[ceres.ufrn.br/noticias/44649552/oferta-de-bolsas-para-o-departamento-de-computacao-e-tecnologia-do-ceres.html]
[ceres.ufrn.br/noticias/44611237/saiba-como-participar-do-bosque-da-memoria-do-ceres.html]
[ceres.ufrn.br/noticias/44570339/ciclo-de-palestras-mulheres-na-ti.html]
[ceres.ufrn.br/noticias/44568616/projetos-de-extensao-2021-mobiliza-bolsa-e-recursos-para-o-ceres.html]
[ceres.ufrn.br/noticias/44542740/museu-do-serido-abre-selecao-para-bolsas-de-extensao.html]
[ceres.ufrn.br/noticias/44508143/grupo-terapeutico-online-cuidando-da-ansiedade.html]
[ceres.ufrn.br/noticias/44214090/nota-de-pesar-pelo-falecimento-da-aluna-ana-medeiros.html]
[ceres.ufrn.br/noticias/42809949/centro-de-ensino-superior-do-serido-ceres-publica-edital-para-selecao-de-alunos-e-alunas-para-acesso-a-computadores-e-internet-no-campus-no-semestre-letivo-2020.2.html]
[ceres.ufrn.br/noticias/37180514/comissao-eleitoral-divulga-candidaturas-para-eleicao-de-vice-direcao-do-ceres.html]
[ceres.ufrn.br/noticias/37170581/normas-para-eleicao-de-vice-diretor-do-ceres-em-mandato-complementar.html]
[ceres.ufrn.br/noticias/36795014/iv-semana-universitaria-do-campus-de-currais-novos.html]
[ceres.ufrn.br/noticias/36765183/premio-para-o-ceres.html]
[ceres.ufrn.br/noticias/36756175/premio-para-o-ceres.html]
[ceres.ufrn.br/noticiasc471.html]
[ceres.ufrn.br/noticias/36662372/oportunidade-de-bolsa-para-o-museu-do-serido-na-area-de-design-grafico.html]
[ceres.ufrn.br/noticias/36552834/xxv-egeorn-encontro-estadual-de-geografia-do-rio-grande-do-norte.html]
[ceres.ufrn.br/noticias/36509280/mestrado-profissional-em-geografia.html]
[ceres.ufrn.br/noticias/36386031/resultado-selecao-bolsa-de-apoio-tecnico-midias-do-ceres.html]
[ceres.ufrn.br/noticias/36250193/oferta-de-bolsa-de-apoio-tecnico-para-suporte-as-midias-sociais-do-ceres.html]
[ceres.ufrn.br/noticias/35475773/nota-de-pesar-pelo-falecimento-do-senhor-jacio-mamede-galvao.html]
[ceres.ufrn.br/noticias/34890000/atendimento-durante-o-periodo-de-vigencia-da-portaria-n-452-2020-r.html]
[ceres.ufrn.br/noticias/34731141/proceem-unidade-de-currais-novos-seleciona-novos-alunos.html]
[ceres.ufrn.br/noticias/34512226/proceem-unidade-de-currais-novos-seleciona-bolsistas-em-varias-areas.html]
[ceres.ufrn.br/noticias/34200536/instituto-agora-publica-edital-com-inscricoes-para-curso-basico-de-ingles-e-espanhol-no-ceres-facisa-e-multicampi.html]
[ceres.ufrn.br/noticias/32816625/ceres-realiza-o-ix-coloquio-nacional-de-historia-cultural-e-sensibilidades.html]
[ceres.ufrn.br/noticias/32307089/comissao-divulga-resultado-final-da-eleicao-para-representacao-docente-do-ceres-no-consepe.html]
[ceres.ufrn.br/noticias/32208818/comissao-divulga-candidaturas-homologadas-para-eleicao-da-representacao-docente-do-ceres-no-consepe.html]
[ceres.ufrn.br/noticias/31926280/instituto-agora-publica-edital-com-inscricoes-para-curso-basico-de-ingles-e-espanhol-no-ceres-facisa-e-multicampi.html]
[ceres.ufrn.br/noticias/31496222/nucleo-de-praticas-juridicas-assiste-trabalhadores-da-barragem-de-oiticica.html]
[ceres.ufrn.br/noticias42dc.html]
[ceres.ufrn.br/noticias/30750581/ceres-realiza-audiencias-publicas-sobre-politica-de-interiorizacao-da-ufrn.html]
[ceres.ufrn.br/noticias/30267490/processo-seletivo-para-mestrado-profissional-em-geografia-geoprof-turma-2019-2021.html]
[ceres.ufrn.br/noticias/30216100/consuni-aprova-homenagem-a-professor-do-ceres.html]
[ceres.ufrn.br/noticias/30207853/diretorio-central-dos-estudantes-prove-mesa-redonda-com-o-tema-descomemorando-o-1964.html]
[ceres.ufrn.br/noticias/30207831/nota-de-pesar.html]
[ceres.ufrn.br/noticias/30085383/ceres-currais-novos-realiza-ii-encontro-de-mulheres.html]
[ceres.ufrn.br/noticias/30080880/participe-da-5a-jornada-internacional-da-alfabetizacao.html]
[ceres.ufrn.br/noticias/30035435/consec-aprova-regulamentacao-geral-para-consulta-publica-a-comunidade-universitaria-para-a-eleicao-da-direcao-do-ceres.html]
[ceres.ufrn.br/noticias/29667364/instituto-agora-abre-inscricoes-para-curso-basico-de-espanhol-no-ceres-facisa-e-multicampi.html]
[ceres.ufrn.br/noticias/29500151/proceem-abre-selecao-de-bolsistas-nas-areas-de-quimica-geografia-e-sociologia-filosofia-para-atuar-no-ceres-currais-novos.html]
[ceres.ufrn.br/noticias/29259013/ceres-realiza-a-ii-semana-pedagogica.html]
[ceres.ufrn.br/noticias/29110343/ceres-abre-processo-seletivo-para-mestrado-academico-em-geografia.html]
[ceres.ufrn.br/noticias/28530667/comecou-o-3-encontro-norte-rio-grandense-de-educacao-integral.html]
[ceres.ufrn.br/noticias/28433692/educacao-para-a-cidadania-oficinas-e-palestras-dia-23-em-caico.html]
[ceres.ufrn.br/noticias/28353870/recomendacao-do-ministerio-publico-federal-a-direcao-do-ceres-acerca-de-frequencia-de-docentes.html]
[ceres.ufrn.br/noticiasc4f7.html]
[ceres.ufrn.br/noticias/28200694/curso-de-turismo-do-ceres-realiza-i-encontro-geoparque-serido.html]
[ceres.ufrn.br/noticias/28181781/v-semana-de-matematica-do-ceres-comeca-neste-dia-24.html]
[ceres.ufrn.br/noticias/28177310/comeca-hoje-a-iv-semana-de-informatica-do-ceres.html]
[ceres.ufrn.br/noticias/27881335/seminario-de-relancamento-do-grupo-de-pesquisa-historia-cultura-e-poder-gphcp-departamento-de-historia-do-ceres-ufrn.html]
[ceres.ufrn.br/noticias/27797154/ceres-realizara-a-mostra-de-profissoes-da-ufrn-2018.html]
[ceres.ufrn.br/noticias/26997867/instituto-agora-seleciona-bolsistas-para-dar-aula-de-espanhol.html]
[ceres.ufrn.br/noticias/26768991/ceres-disponibiliza-em-formato-digital-o-caderno-seridoense-iniciativa-pioneira-de-publicacao-da-producao-cientifica-do-centro.html]
[ceres.ufrn.br/noticias/26701200/comeca-hoje-vii-encontro-estadual-de-historia-anpuh-rn-2018.html]
[ceres.ufrn.br/noticias/26617710/edital-de-processo-seletivo-para-professor-substituto-na-area-analise-de-sistemas-e-tecnologia-da-informacao.html]
[ceres.ufrn.br/noticias/26591469/nota-de-pesar-pelo-falecimento-do-professor-edilson-rubens-lopes-de-souza.html]
[ceres.ufrn.br/noticias/26482109/ufrn-oferece-especializacao-em-gestao-estrategica-de-pessoas.html]
[ceres.ufrn.br/noticias/26361426/ufrn-abre-concurso-publico-para-professor-com-vagas-para-o-ceres.html]
[ceres.ufrn.br/noticias/26328493/ceres-campus-currais-novos-sedia-reuniao-do-comite-territorial-de-educacao-integral-do-rn.html]
[ceres.ufrn.br/noticias/26288565/ceres-caico-exibira-filme-o-jovem-marx.html]
[ceres.ufrn.br/noticias/26199809/mestrado-profissional-em-geografia-geoprof-abre-processo-seletivo.html]
[ceres.ufrn.br/noticias2df4.html]
[ceres.ufrn.br/noticias/26088689/ceres-caico-oferece-especializacao-em-atendimento-educacional-especializado.html]
[ceres.ufrn.br/noticias/25964033/ceres-sediara-seminario-sobre-cartografia-de-paisagens.html]
[ceres.ufrn.br/noticias/25963692/cordelteca-da-ufrn-djalma-mota-divulga-horario-de-funcionamento.html]
[ceres.ufrn.br/noticias/25812032/ceres-currais-novos-abre-processo-seletivo-para-professor-substituto-de-espanhol.html]
[ceres.ufrn.br/noticias/25811873/ceres-currais-novos-oferece-especializacao-em-literatura-e-ensino.html]
[ceres.ufrn.br/noticias/25692817/curso-de-letras-espanhol-foi-reconhecido-pelo-ministerio-da-educacao.html]
[ceres.ufrn.br/noticias/25433743/nota-de-pesar.html]
[ceres.ufrn.br/noticias/25172524/proae-publica-edital-sobre-programas-de-assistencia-estudantil.html]
[ceres.ufrn.br/noticias/25085371/instituto-agora-abre-inscricoes-para-cursos-de-ingles-e-espanhol-no-interior.html]
[ceres.ufrn.br/noticias/25028187/proceem-abre-selecao-de-bolsistas-no-ceres.html]
[ceres.ufrn.br/noticias/24425564/o-programa-de-aperfeicoamento-para-professores-de-matematica-do-ensino-medio-papmem-abrira-inscricoes-para-o-periodo-2018-1.html]
[ceres.ufrn.br/noticias/24362648/ceres-realizara-o-1o-festival-nacional-de-teatro-da-ufrn-no-periodo-de-12-a-16-de-dezembro-de-2017.html]
[ceres.ufrn.br/noticias/24308845/o-ceres-sediara-o-i-workshop-de-biogeografia-aplicada-workbio2017.html]
[ceres.ufrn.br/noticias/24298446/pibid-letras-presencial-do-ceres-currais-novos-promovera-evento-de-extensao-dia-04-12-2017.html]
[ceres.ufrn.br/noticias/24146455/campus-da-ufrn-em-currais-novos-completa-40-anos.html]
[ceres.ufrn.br/noticiasb5fb.html]
[ceres.ufrn.br/noticias/24108115/departamento-de-letras-do-ceres-oferece-especializacao-em-libras.html]
[ceres.ufrn.br/noticias/24107144/ceres-currais-novos-realiza-ii-simposio-sobre-inclusao-da-pessoa-com-deficiencia.html]
[ceres.ufrn.br/noticias/23981948/concurso-para-selecao-da-marca-alusiva-ao-quadragesimo-aniversario-do-campus-de-currais-novos-ufrn.html]
[ceres.ufrn.br/noticias/23924494/ceres-realiza-a-3a-semana-de-informatica-nestes-dias-09-10-e-11-de-outubro.html]
[ceres.ufrn.br/noticias/23923280/espetaculos-teatrais-no-ceres.html]
[ceres.ufrn.br/noticias/23325884/ceres-foca-no-aproveitamento-hidrico-para-um-campus-mais-sustentavel.html]
[ceres.ufrn.br/noticias/23297618/estudante-de-pedagogia-do-ceres-vence-premio-nacional-em-pesquisa.html]
[ceres.ufrn.br/noticias/22895120/editais-das-bolsas-de-assistencia-estudantil-para-2017.html]
[ceres.ufrn.br/noticias/22497127/ceres-de-caico-organiza-xiii-semana-de-estudos-historicos.html]
[ceres.ufrn.br/noticias/22485008/ceres-de-caico-realiza-iv-semana-de-matematica-a-partir-desta-quarta-feira.html]
[ceres.ufrn.br/noticias/22376431/viii-seminario-de-ensino-pesquisa-e-extensao-do-ceres-comeca-neste-dia-15.html]
[ceres.ufrn.br/noticias/22349044/centro-de-ensino-superior-do-serido-realiza-evento-sobre-educacao-infantil.html]
[ceres.ufrn.br/noticias/22327815/abertura-de-novos-cursos-no-ceres-e-tema-de-reuniao-na-reitoria.html]
[ceres.ufrn.br/noticias/22316912/escola-de-ciencias-medicas-promove-seminario-de-pesquisa-em-caico.html]
[ceres.ufrn.br/noticias/22216290/campus-de-currais-novos-sedia-i-encontro-potiguar-de-professores-de-espanhol.html]
[ceres.ufrn.br/noticias64b4.html]
[ceres.ufrn.br/noticias/21536113/ceres-realiza-aula-inaugural-2017-com-o-tema-universidade-conhecimento-e-cidadania.html]
[ceres.ufrn.br/noticias/21535978/reabertura-do-nucleo-de-pratica-juridica-do-ceres-ufrn.html]
[ceres.ufrn.br/noticias/21212935/publicados-os-editais-dos-programas-de-assistencia-estudantil-para-o-semestre-2017.html]
[ceres.ufrn.br/noticias/20716499/cordelteca-do-ceres-e-tema-do-boletim-especial-da-ufrn-numero-77--natal-rn-quarta-feira-30-de-novembro-de-2016.html]
[ceres.ufrn.br/noticias/20665571/ceres-sedia-o-i-simposio-nacional-de-estudos-do-texto-e-do-discurso.html]
[ceres.ufrn.br/noticias/20591158/comeca-hoje-o-vi-coloquio-nacional-historia-cultural-e-sensibilidades.html]
[ceres.ufrn.br/noticias/20493788/ceres-sedia-o-iii-simposio-de-geografia-fisica-do-nordeste.html]
[ceres.ufrn.br/noticias/20456421/aula-inaugural-do-mestrado-em-geografia-sera-realizada-neste-dia-14.html]
[ceres.ufrn.br/noticias/20377648/programacao-cultural-no-ceres-campus-de-caico-e-campus-de-currais-novos.html]
[ceres.ufrn.br/noticias/19908442/mestrado-profissional-em-letras-realiza-ciclo-de-palestras-sobre-ensino-e-pesquisa-em-lingua-portuguesa.html]
[ceres.ufrn.br/noticias/19428773/convite.html]
[ceres.ufrn.br/noticias/19278703/selecao-bolsista-remunerado-na-area-de-lingua-espanhola-para-atuar-no-instituto-agora.html]
[ceres.ufrn.br/noticias/19249340/docentes-do-ceres-tem-projetos-aprovados-no-edital-002-2016-proex-ufrn-apoio-de-acoes-de-extensao-nas-areas-de-memoria-museus-documentacao-e-arquivos.html]
[ceres.ufrn.br/noticias/19221304/instituto-agora-abre-inscricoes-para-cursos-basicos-de-ingles-e-espanhol-no-ceres.html]
[ceres.ufrn.br/noticias/19205223/programa-de-bolsas-do-santander-seleciona-estudantes-da-ufrn.html]
[ceres.ufrn.br/noticias5757.html]
[ceres.ufrn.br/noticias/19058016/selecao-para-bolsista-de-espanhol-do-instituto-agora.html]
[ceres.ufrn.br/noticias/18937900/proae-abre-processos-seletivos-de-auxilios-da-assistencia-estudantil-alimentacao-creche-oculos-atleta-transporte-e-residencia.html]
[ceres.ufrn.br/noticias/18928897/espetaculo-ps-da-trapia-cia-teatral-e-associacao-uniao-do-sobrado-de-caico-participa-do-29-festival-universitario-de-teatro-de-blumenau.html]
[ceres.ufrn.br/noticias/18887754/departamento-de-letras-do-ceres-reabre-inscricoes-para-especializacao-em-lingua-espanhola.html]
[ceres.ufrn.br/noticias/18878891/ceres-recebera-competicao-de-xadrez-neste-dia-16-de-julho.html]
[ceres.ufrn.br/noticias/18803784/pibid-de-geografia-do-ceres-realiza-o-i-encontro-formativo-de-iniciacao-a-docencia.html]
[ceres.ufrn.br/noticias/18670841/departamento-de-letras-inscreve-para-especializacao-em-ensino-de-espanhol.html]
[ceres.ufrn.br/noticias/18650039/curso-de-extensao-em-educacao-pesquisa-e-ativismos8207.html]
[ceres.ufrn.br/noticias/18613344/departamento-de-geografia-e-oab-rn-realizam-programacao-comemorativa-ao-dia-mundial-do-meio-ambiente.html]
[ceres.ufrn.br/noticias/18603436/a-prevencao-ao-uso-de-drogas-e-o-tema-da-semana-no-ceres.html]
[ceres.ufrn.br/noticias/18603380/xii-semana-de-estudos-historicos-do-ceres-comeca-neste-dia-01-06.html]
[ceres.ufrn.br/noticias678b.html]
[ceres.ufrn.br/documentos/documento9e9a.html]
[ceres.ufrn.br/documentos/documento55b2.html]
[ceres.ufrn.br/noticias/18488122/orquestra-sinfonica-da-ufrn-abre-o-vii-seminario-de-ensino-pesquisa-e-extensao-do-ceres.html]
[ceres.ufrn.br/documentos/documentoa13c.html]
[ceres.ufrn.br/documentos/documento5b85.html]
[ceres.ufrn.br/documentos/documento2f46.html]
[ceres.ufrn.br/documentos/documentoc7b0.html]
[ceres.ufrn.br/documentos/documentoe3db.html]
[ceres.ufrn.br/documentos/documento0a05.html]
[ceres.ufrn.br/documentos/documento7ca0.html]
[ceres.ufrn.br/documentos/documento0572.html]
[ceres.ufrn.br/documentos/documento089a.html]
[ceres.ufrn.br/documentos/documento67d5.html]
[ceres.ufrn.br/documentos/documentoe1e5.html]
[ceres.ufrn.br/documentos/documento0cca.html]
[ceres.ufrn.br/documentos/documento8206.html]
[ceres.ufrn.br/documentos/documentof3b7.html]
[ceres.ufrn.br/documentos/documento2977.html]
[ceres.ufrn.br/documentos/documentof507.html]
[ceres.ufrn.br/documentos/documentoac05.html]
[ceres.ufrn.br/documentos/documentob507.html]
[ceres.ufrn.br/documentos/documento61a9.html]
[ceres.ufrn.br/documentos/documento1f66.html]
[ceres.ufrn.br/documentos/documentob5aa.html]
[ceres.ufrn.br/documentos/documentob123.html]
[ceres.ufrn.br/documentos/documentoa738.html]
[ceres.ufrn.br/documentos/documento3fbe.html]
[ceres.ufrn.br/documentos/documento78d0.html]
[ceres.ufrn.br/documentos/documentoe723.html]
[ceres.ufrn.br/documentos/documentof529.html]
[ceres.ufrn.br/documentos/documento3ac0.html]
[ceres.ufrn.br/documentos/documento15d8.html]
[ceres.ufrn.br/documentos/documento6086.html]
[ceres.ufrn.br/documentos/documento9b37.html]
[ceres.ufrn.br/documentos/documento84b3.html]
[ceres.ufrn.br/documentos/documento9179.html]
[ceres.ufrn.br/documentos/documento94ba.html]
[ceres.ufrn.br/documentos/documentoa91f.html]
[ceres.ufrn.br/documentos/documento2966.html]
[ceres.ufrn.br/documentos/documento2032.html]
[ceres.ufrn.br/documentos/documento197a.html]
[ceres.ufrn.br/documentos/documentoad05.html]
[ceres.ufrn.br/documentos/documento58c9.html]
[ceres.ufrn.br/documentos/documento4b00.html]
[ceres.ufrn.br/documentos/documento0cab.html]
[ceres.ufrn.br/documentos/documento3d4a.html]
[ceres.ufrn.br/documentos/documento53ff.html]
[ceres.ufrn.br/documentos/documento03be.html]
[ceres.ufrn.br/documentos/documento0dc2.html]
[ceres.ufrn.br/documentos/documento5c74.html]
[ceres.ufrn.br/documentos/documento704d.html]
[ceres.ufrn.br/documentos/documento69c2.html]
[ceres.ufrn.br/documentos/documento5f7a.html]
[ceres.ufrn.br/documentos/documento4bb9.html]
[ceres.ufrn.br/documentos/documento62af.html]
[ceres.ufrn.br/documentos/documento90df.html]
[ceres.ufrn.br/documentos/documentof943.html]
[ceres.ufrn.br/documentos/documentod09d.html]
[ceres.ufrn.br/documentos/documento8e68.html]
[ceres.ufrn.br/documentos/documento57ad.html]
[ceres.ufrn.br/documentos/documento2d0d.html]
[ceres.ufrn.br/documentos/documentoc604.html]
[ceres.ufrn.br/documentos/documentof7dc.html]
[ceres.ufrn.br/documentos/documento2dd2.html]
[ceres.ufrn.br/documentos/documento5bb3.html]
[ceres.ufrn.br/documentos/documentobb11.html]
[ceres.ufrn.br/documentos/documentocd91.html]
[ceres.ufrn.br/documentos/documento40d1.html]
[ceres.ufrn.br/documentos/documento6651.html]
[ceres.ufrn.br/documentos/documentoe043.html]
[ceres.ufrn.br/documentos/documento4470.html]
[ceres.ufrn.br/documentos/documento8332.html]
[ceres.ufrn.br/documentos/documento5d30.html]
[ceres.ufrn.br/documentos/documento8493.html]
[ceres.ufrn.br/documentos/documentoeb39.html]
[ceres.ufrn.br/documentos/documentoa9f6.html]
[ceres.ufrn.br/documentos/documentof071.html]
[ceres.ufrn.br/documentos/documentoc83d.html]
[ceres.ufrn.br/documentos/documento3d09.html]
[ceres.ufrn.br/documentos/documento2d37.html]
[ceres.ufrn.br/documentos/documentoe806.html]
[ceres.ufrn.br/documentos/documentob5df.html]
[ceres.ufrn.br/documentos/documentof7af.html]
[ceres.ufrn.br/documentos/documentoa037.html]
[ceres.ufrn.br/documentos/documentoe5c1.html]
[ceres.ufrn.br/documentos/documento5a35.html]
[ceres.ufrn.br/documentos/documentoefca.html]
[ceres.ufrn.br/documentos/documento662a.html]
[ceres.ufrn.br/documentos/documentocd50.html]
[ceres.ufrn.br/documentos/documentoc73c.html]
[ceres.ufrn.br/documentos/documento0992.html]
[ceres.ufrn.br/documentos/documento21a2.html]
[ceres.ufrn.br/documentos/documentode9a.html]
[ceres.ufrn.br/documentos/documento1904.html]
[ceres.ufrn.br/documentos/documentof0b5.html]
[ceres.ufrn.br/documentos/documento6c4b.html]
[ceres.ufrn.br/documentos/documentod61f.html]
[ceres.ufrn.br/documentos/documentobd36.html]
[ceres.ufrn.br/documentos/documento7fb8.html]
[ceres.ufrn.br/documentos/documento1b55.html]
[ceres.ufrn.br/documentos/documento4dbf.html]
[ceres.ufrn.br/documentos/documentoee63.html]
[ceres.ufrn.br/documentos/documentoed71.html]
[ceres.ufrn.br/documentos/documentoa007.html]
[ceres.ufrn.br/documentos/documento02a7.html]
[ceres.ufrn.br/documentos/documentoe518.html]
[ceres.ufrn.br/documentos/documento9435.html]
[ceres.ufrn.br/documentos/documentobe99.html]
[ceres.ufrn.br/documentos/documento720b.html]
[ceres.ufrn.br/documentos/documento3baa.html]
[ceres.ufrn.br/documentos/documento1dc1.html]
[ceres.ufrn.br/documentos/documentob9d1.html]
[ceres.ufrn.br/documentos/documentob1b8.html]
[ceres.ufrn.br/documentos/documento5ba9.html]
[ceres.ufrn.br/documentos/documentoe140.html]
[ceres.ufrn.br/documentos/documento6ccf.html]
[ceres.ufrn.br/documentos/documento115a.html]
[ceres.ufrn.br/documentos/documento04c6.html]
[ceres.ufrn.br/documentos/documento5ba3.html]
[ceres.ufrn.br/documentos/documentoafc1.html]
[ceres.ufrn.br/documentos/documento77ec.html]
[ceres.ufrn.br/documentos/documento4404.html]
[ceres.ufrn.br/documentos/documentoe061.html]
[ceres.ufrn.br/documentos/documentod66f.html]
[ceres.ufrn.br/documentos/documentoc6c1.html]
[ceres.ufrn.br/documentos/documentob8fa.html]
[ceres.ufrn.br/documentos/documentoe5e1.html]
[ceres.ufrn.br/documentos/documento737f.html]
[ceres.ufrn.br/documentos/documento5d51.html]
[ceres.ufrn.br/documentos/documento9857.html]
[ceres.ufrn.br/documentos/documento7b53.html]
[ceres.ufrn.br/documentos/documento507b.html]
[ceres.ufrn.br/documentos/documentof7f3.html]
[ceres.ufrn.br/documentos/documento4c0c.html]
[ceres.ufrn.br/documentos/documento4dca.html]
[ceres.ufrn.br/documentos/documento9494.html]
[ceres.ufrn.br/documentos/documentoaaa4.html]
[ceres.ufrn.br/documentos/documentoa9ee.html]
[ceres.ufrn.br/documentos/documentod83e.html]
[ceres.ufrn.br/documentos/documento15df.html]
[ceres.ufrn.br/documentos/documento9a83.html]
[ceres.ufrn.br/documentos/documentob778.html]
[ceres.ufrn.br/documentos/documento0083.html]
[ceres.ufrn.br/documentos/documentoff03.html]
[ceres.ufrn.br/documentos/documento3282.html]
[ceres.ufrn.br/documentos/documento44f6.html]
[ceres.ufrn.br/documentos/documento1c47.html]
[ceres.ufrn.br/documentos/documento7e55.html]
[ceres.ufrn.br/documentos/documento4a37.html]
[ceres.ufrn.br/documentos/documento0c36.html]
[ceres.ufrn.br/documentos/documento98b4.html]
[ceres.ufrn.br/documentos/documento4ff7.html]
[ceres.ufrn.br/documentos/documento537c.html]
[ceres.ufrn.br/documentos/documento77dc.html]
[ceres.ufrn.br/documentos/documento5caa.html]
[ceres.ufrn.br/documentos/documentoe885.html]
[ceres.ufrn.br/documentos/documento820a.html]
[ceres.ufrn.br/documentos/documentofc17.html]
[ceres.ufrn.br/documentos/documentof8e0.html]
[ceres.ufrn.br/documentos/documentoc65f.html]
[ceres.ufrn.br/documentos/documento65bd.html]
[ceres.ufrn.br/documentos/documento1197.html]
[ceres.ufrn.br/documentos/documentoe17a.html]
[ceres.ufrn.br/documentos/documento6eec.html]
[ceres.ufrn.br/documentos/documento2c1d.html]
[ceres.ufrn.br/documentos/documentob92e.html]
[ceres.ufrn.br/documentos/documentofc71.html]
[ceres.ufrn.br/documentos/documento5087.html]
[ceres.ufrn.br/documentos/documentof8ef.html]
[ceres.ufrn.br/documentos/documento803f.html]
[ceres.ufrn.br/documentos/documentob67c.html]
[ceres.ufrn.br/documentos/documentoe021.html]
[ceres.ufrn.br/documentos/documentoa73a.html]
[ceres.ufrn.br/documentos/documento4811.html]
[ceres.ufrn.br/documentos/documento64cd.html]
[ceres.ufrn.br/documentos/documento76ca.html]
[ceres.ufrn.br/documentos/documentoe64e.html]
[ceres.ufrn.br/documentos/documentofe47.html]
[ceres.ufrn.br/documentos/documentoa942.html]
[ceres.ufrn.br/documentos/documentod575.html]
[ceres.ufrn.br/documentos/documento6694.html]
[ceres.ufrn.br/documentos/documento8c8e.html]
[ceres.ufrn.br/documentos/documento0023.html]
[ceres.ufrn.br/documentos/documentobcd2.html]
[ceres.ufrn.br/documentos/documento6f23.html]
[ceres.ufrn.br/documentos/documento6781.html]
[ceres.ufrn.br/documentos/documentofca5.html]
[ceres.ufrn.br/documentos/documento2513.html]
[ceres.ufrn.br/documentos/documentoc4be.html]
[ceres.ufrn.br/documentos/documento0d6a.html]
[ceres.ufrn.br/documentos/documento96ed.html]
[ceres.ufrn.br/documentos/documento59d3.html]
[ceres.ufrn.br/documentos/documento4070.html]
[ceres.ufrn.br/documentos/documento7627.html]
[ceres.ufrn.br/documentos/documento55be.html]
[ceres.ufrn.br/documentos/documento98f2.html]
[ceres.ufrn.br/documentos/documentod137.html]
[ceres.ufrn.br/documentos/documentoeb07.html]
[ceres.ufrn.br/documentos/documentodf28.html]
[ceres.ufrn.br/documentos/documentoa6c0.html]
[ceres.ufrn.br/documentos/documento5301.html]
[ceres.ufrn.br/documentos/documento976d.html]
[ceres.ufrn.br/documentos/documento2b95.html]
[ceres.ufrn.br/documentos/documento830d.html]
[ceres.ufrn.br/documentos/documentod158.html]
[ceres.ufrn.br/documentos/documentoe60c.html]
[ceres.ufrn.br/documentos/documentoa9e9.html]
[ceres.ufrn.br/documentos/documento7fa0.html]
[ceres.ufrn.br/documentos/documentodab5.html]
[ceres.ufrn.br/documentos/documentod408.html]
[ceres.ufrn.br/documentos/documento787f.html]
[ceres.ufrn.br/documentos/documentof169.html]
[ceres.ufrn.br/documentos/documento40b5.html]
[ceres.ufrn.br/documentos/documentof3df.html]
[ceres.ufrn.br/documentos/documento2735.html]
[ceres.ufrn.br/documentos/documento37ae.html]
[ceres.ufrn.br/documentos/documento853f.html]
[ceres.ufrn.br/documentos/documento1fcc.html]
[ceres.ufrn.br/documentos/documento45e0.html]
[ceres.ufrn.br/documentos/documentocf4b.html]
[ceres.ufrn.br/documentos/documento4ead.html]
[ceres.ufrn.br/documentos/documentof11c.html]
[ceres.ufrn.br/documentos/documento029b.html]
[ceres.ufrn.br/documentos/documento9096.html]
[ceres.ufrn.br/documentos/documento7a1b.html]
[ceres.ufrn.br/noticias/55585281/resultado-do-processo-seletivo-para-bolsista-de-apoio-tecnico-e-administrativo-para-discentes-de-graduacao-do-ceres.html]
[ceres.ufrn.br/noticias/55514414/esta-aberto-o-processo-seletivo-para-bolsista-de-apoio-tecnico-e-administrativo-para-discentes-de-graduacao-do-ceres.html]
[ceres.ufrn.br/documentos/documento644c.html]
[ceres.ufrn.br/noticias/55361278/comecou-hoje-o-curso-de-iniciacao-a-museologia-do-museu-do-serido.html]
[ceres.ufrn.br/noticias/55635879/resultado-do-processo-seletivo-para-bolsista-de-apoio-tecnico-e-administrativo-para-discentes-de-graduacao-do-ceres]
[ceres.ufrn.br/noticias/55244288/convite-aula-inaugural-2023.html]
[arquivos.info.ufrn.br/arquivos/2023106235d7c7129214927c12744aa87d/Enem.jpg]
[ceres.ufrn.br/noticias/55172032/abertas-as-inscricoes-para-o-cursinho-da-ufrn.html]
[ceres.ufrn.br/noticias/55111999/convite-participe-da-definicao-da-programacao-dos-50-anos-do-ceres.html]
[ceres.ufrn.br/noticias/55109400/resultado-do-edital-001-2023-selo-comemorativo-dos-15-anos-da-bs-ceres.html]
[ceres.ufrn.br/noticias/55109363/divulgado-o-resultado-da-selecao-para-bolsista-de-apoio-tecnico-e-administrativo-da-assistencia-estudantil-ceres.html]
[ceres.ufrn.br/noticias/55024731/lista-de-inscricoes-homologadas-do-edital-001-2023-selo-comemorativo-dos-15-anos-da-bs-ceres.html]
[ceres.ufrn.br/noticias/55024662/publicado-resultado-dos-alunos-que-tiveram-a-inscricao-homologada-no-processo-seletivo-para-bolsista-de-apoio-tecnico-da-assistencia-estudantil.html]
[ceres.ufrn.br/noticias/54928255/esta-aberto-o-processo-seletivo-para-bolsista-de-apoio-tecnico-e-administrativo-do-setor-de-assistencia-estudantil-do-ceres.html]
[arquivos.info.ufrn.br/arquivos/20232461971d6812782170b35a552337dd/097d280b-fdb4-4889-a3e7-4d7c075e2b0c-removebg-preview-removebg-preview_1.png]
[ceres.ufrn.br/noticias/54833166/edital-001-2023-selo-comemorativo-dos-15-anos-da-bs-ceres.html]
[ceres.ufrn.br/noticias/53318966/museu-do-serido-apresenta-sua-terceira-exposicao-em-2022.html]
[ceres.ufrn.br/noticias/52514365/memoria-afetiva-e-tema-de-exposicao-virtual-do-museu-do-serido.html]
[ceres.ufrn.br/noticias/51212246/resultado-final-do-processo-seletivo-para-bolsista-edital-no-001-2022-dct.html]
[ceres.ufrn.br/noticias/51188466/cronograma-de-entrevistas-do-processo-seletivo-para-bolsista-edital-no-001-2022-dct.html]
[ceres.ufrn.br/noticias/51166000/resultado-das-inscricoes-homologadas-do-processo-seletivo-para-bolsista-edital-no-001-2022-dct.html]
[ceres.ufrn.br/noticias/51045764/esta-aberto-o-processo-seletivo-para-bolsista-de-apoio-tecnico-e-administrativo-do-departamento-de-computacao-e-tecnologia-do-ceres.html]
[ceres.ufrn.br/noticias/51036957/resultado-do-processo-seletivo-para-bolsistas-de-apoio-tecnico-e-administrativo-para-discentes-de-graduacao-do-ceres.html]
[ceres.ufrn.br/noticias/50650368/esta-aberto-o-periodo-de-inscricao-das-candidaturas-para-eleicao-de-vice-chefe-do-departamento-de-ciencias-exatas-e-aplicadas-do-ceres-ufrn.html]
[ceres.ufrn.br/noticias/49958814/resultado-final-da-selecao-de-bolsistas-para-secretaria-geral-do-ceres.html]
[ceres.ufrn.br/noticias/49921496/esta-aberto-o-edital-do-processo-seletivo-para-selecao-de-bolsistas-para-atuarem-na-estacao-climatologica-do-serido.html]
[ceres.ufrn.br/noticias/49783415/resultado-das-inscricoes-homologadas-processo-seletivo-para-bolsistas-edital-no-001-2022-ceres.html]
[ceres.ufrn.br/noticias/49735020/edital-para-realizacao-de-eleicoes-representantes-docentes-do-ceres-na-comissao-permanente-de-pessoal-docente-cppd.html]
[ceres.ufrn.br/noticias/49586818/esta-aberto-o-processo-seletivo-para-bolsista-de-apoio-tecnico-e-administrativo-para-discentes-de-graduacao-do-ceres.html]
[ceres.ufrn.br/noticias/49256649/resultado-da-selecao-de-bolsista-do-setor-de-patrimonio.html]
[ceres.ufrn.br/noticias/49159386/resultado-da-analise-das-inscricoes-para-a-bolsa-de-apoio-tecnico-do-setor-de-patrimonio.html]
[ceres.ufrn.br/noticias/48828150/resultado-final-processo-seletivo-para-bolsista-de-apoio-tecnico-e-administrativo-para-discentes-de-graduacao-do-ceres.html]
[ceres.ufrn.br/noticias/48768854/retificacao-e-cronograma-de-entrevistas-para-selecao-de-bolsista-de-apoio-tecnico-e-administrativo-da-secretaria-unificada-dos-cursos-de-graduacao-ceres.html]
[ceres.ufrn.br/noticias/48759837/homologacao-das-inscricoes-para-o-processo-seletivo-de-bolsista-de-apoio-tecnico-e-administrativo-da-secretaria-unificada-dos-cursos-de-graduacao-ceres.html]
[ceres.ufrn.br/noticias/48709384/resultado-da-selecao-para-bolsistas-de-apoio-tecnico-e-administrativo-edital-002-2022-ceres.html]
[ceres.ufrn.br/noticias/48708187/esta-aberto-o-processo-seletivo-para-bolsista-de-apoio-tecnico-e-administrativo-para-discentes-de-graduacao-do-ceres.html]
[ceres.ufrn.br/noticias/48695401/resultado-dos-candidatos-aptos-para-a-segunda-fase-do-edital-de-selecao-para-bolsa-tecnico-administrativa-na-biblioteca-do-ceres.html]
[arquivos.info.ufrn.br/arquivos/2023185014b527129531009ef2b1289975/Card_aula_inaugural.jpeg]
[arquivos.info.ufrn.br/arquivos/20231451778630130058431b5d1425e64b/WhatsApp_Image_2023-05-16_at_17.38.38.jpeg]
[ceres.ufrn.br/noticias/48539947/projeto-de-extensao-simpples-vence-a-categoria-desafio-de-ideias-no-forum-saude-conexao-startup.html]
[ceres.ufrn.br/noticias/47326473/setembro-amarelo-no-ceres.html]
[ceres.ufrn.br/noticias/46717915/museu-do-serido-promove-a-exposicao-devocoes-do-serido.html]
[arquivos.info.ufrn.br/arquivos/202108912872f310312934c834cda709a6/WhatsApp_Image_2021-12-17_at_09.55.49.jpeg]
[ceres.ufrn.br/noticias/46146433/aula-inaugural-com-a-tematica-tecnologia-e-pandemia-desafios-socio-politicos-para-nosso-tempo.html]
[arquivos.info.ufrn.br/arquivos/2021171147bc6e91834641b22587b6b5c/evento.jpg]
[ceres.ufrn.br/noticias/45486515/ceres-realiza-evento-virtual-de-boas-vindas-aos-ingressantes.html]
[ceres.ufrn.br/noticias/45145037/inscricoes-abertas-para-o-processo-seletivo-do-curso-de-pos-graduacao-lato-sensu-alfabetizacao-neurociencias-interfaces-na-educacao-integral.html]
[ceres.ufrn.br/noticias/45052330/seminario-questao-agraria-e-resistencia-camponesa.html]
[ceres.ufrn.br/noticias/45036007/minicurso-sobre-classificacao-de-servicos-ecossistemicos-da-caatinga.html]
[ceres.ufrn.br/noticias/45027586/departamento-de-educacao-do-ceres-inscreve-para-pos-graduacao.html]
[ceres.ufrn.br/noticias/44884804/resultado-editais-de-selecao-para-bolsistas-de-comunicacao-e-midias-do-ceres.html]
[ceres.ufrn.br/noticias/44822867/selecao-de-bolsistas-para-midias-do-ceres--resultado-parcial.html]
[ceres.ufrn.br/noticias/44767280/selecao-de-bolsista-de-apoio-administrativo-e-apoio-tecnico-para-o-ceres.html]
[ceres.ufrn.br/noticias/44649552/oferta-de-bolsas-para-o-departamento-de-computacao-e-tecnologia-do-ceres.html]
[ceres.ufrn.br/noticias/44611237/saiba-como-participar-do-bosque-da-memoria-do-ceres.html]
[ceres.ufrn.br/noticias/44570339/ciclo-de-palestras-mulheres-na-ti.html]
[ceres.ufrn.br/noticias/44568616/projetos-de-extensao-2021-mobiliza-bolsa-e-recursos-para-o-ceres.html]
[ceres.ufrn.br/noticias/44542740/museu-do-serido-abre-selecao-para-bolsas-de-extensao.html]
[arquivos.info.ufrn.br/arquivos/202114523200c29257813df2699a629f2/AULA_INAUGURAL_2021.1.jpeg]
[arquivos.info.ufrn.br/arquivos/2021251244026f86618890d94419ad334/grupo_terapeutico.jpg]
[ceres.ufrn.br/noticias/44508143/grupo-terapeutico-online-cuidando-da-ansiedade.html]
[ceres.ufrn.br/noticias/44214090/nota-de-pesar-pelo-falecimento-da-aluna-ana-medeiros.html]
[ceres.ufrn.br/noticias/42809949/centro-de-ensino-superior-do-serido-ceres-publica-edital-para-selecao-de-alunos-e-alunas-para-acesso-a-computadores-e-internet-no-campus-no-semestre-letivo-2020.2.html]
[ceres.ufrn.br/noticias/37180514/comissao-eleitoral-divulga-candidaturas-para-eleicao-de-vice-direcao-do-ceres.html]
[ceres.ufrn.br/noticias/37170581/normas-para-eleicao-de-vice-diretor-do-ceres-em-mandato-complementar.html]
[ceres.ufrn.br/noticias/36795014/iv-semana-universitaria-do-campus-de-currais-novos.html]
[ceres.ufrn.br/noticias/36765183/premio-para-o-ceres.html]
[ceres.ufrn.br/noticias/36756175/premio-para-o-ceres.html]
[ceres.ufrn.br/noticias/36662372/oportunidade-de-bolsa-para-o-museu-do-serido-na-area-de-design-grafico.html]
[ceres.ufrn.br/noticias/36552834/xxv-egeorn-encontro-estadual-de-geografia-do-rio-grande-do-norte.html]
[arquivos.info.ufrn.br/arquivos/20200751029fac7774805a97839745587/processo_seletivo_geoprof.jpg]
[ceres.ufrn.br/noticias/36509280/mestrado-profissional-em-geografia.html]
[ceres.ufrn.br/noticias/36386031/resultado-selecao-bolsa-de-apoio-tecnico-midias-do-ceres.html]
[ceres.ufrn.br/noticias/36250193/oferta-de-bolsa-de-apoio-tecnico-para-suporte-as-midias-sociais-do-ceres.html]
[ceres.ufrn.br/noticias/35475773/nota-de-pesar-pelo-falecimento-do-senhor-jacio-mamede-galvao.html]
[ceres.ufrn.br/noticias/34890000/atendimento-durante-o-periodo-de-vigencia-da-portaria-n-452-2020-r.html]
[ceres.ufrn.br/noticias/34731141/proceem-unidade-de-currais-novos-seleciona-novos-alunos.html]
[ceres.ufrn.br/noticias/34512226/proceem-unidade-de-currais-novos-seleciona-bolsistas-em-varias-areas.html]
[ceres.ufrn.br/noticias/34200536/instituto-agora-publica-edital-com-inscricoes-para-curso-basico-de-ingles-e-espanhol-no-ceres-facisa-e-multicampi.html]
[ceres.ufrn.br/noticias/32816625/ceres-realiza-o-ix-coloquio-nacional-de-historia-cultural-e-sensibilidades.html]
[ceres.ufrn.br/noticias/32307089/comissao-divulga-resultado-final-da-eleicao-para-representacao-docente-do-ceres-no-consepe.html]
[ceres.ufrn.br/noticias/32208818/comissao-divulga-candidaturas-homologadas-para-eleicao-da-representacao-docente-do-ceres-no-consepe.html]
[ceres.ufrn.br/noticias/31926280/instituto-agora-publica-edital-com-inscricoes-para-curso-basico-de-ingles-e-espanhol-no-ceres-facisa-e-multicampi.html]
[arquivos.info.ufrn.br/arquivos/20190480327d7564204989641f764605c/npj.jpg]
[ceres.ufrn.br/noticias/31496222/nucleo-de-praticas-juridicas-assiste-trabalhadores-da-barragem-de-oiticica.html]
[arquivos.info.ufrn.br/arquivos/20190600440bf06193800f240a7eb59cf/aud_interior.jpg]
[ceres.ufrn.br/noticias/30750581/ceres-realiza-audiencias-publicas-sobre-politica-de-interiorizacao-da-ufrn.html]
[ceres.ufrn.br/noticias/30267490/processo-seletivo-para-mestrado-profissional-em-geografia-geoprof-turma-2019-2021.html]
[ceres.ufrn.br/noticias/30216100/consuni-aprova-homenagem-a-professor-do-ceres.html]
[arquivos.info.ufrn.br/arquivos/20191480515f97609766357d22b75f63d/1964.jpg]
[ceres.ufrn.br/noticias/30207853/diretorio-central-dos-estudantes-prove-mesa-redonda-com-o-tema-descomemorando-o-1964.html]
[arquivos.info.ufrn.br/arquivos/2019047103506e6097665034f641499c0/nota.jpg]
[ceres.ufrn.br/noticias/30207831/nota-de-pesar.html]
[ceres.ufrn.br/noticias/30085383/ceres-currais-novos-realiza-ii-encontro-de-mulheres.html]
[ceres.ufrn.br/noticias/30080880/participe-da-5a-jornada-internacional-da-alfabetizacao.html]
[ceres.ufrn.br/noticias/30035435/consec-aprova-regulamentacao-geral-para-consulta-publica-a-comunidade-universitaria-para-a-eleicao-da-direcao-do-ceres.html]
[ceres.ufrn.br/noticias/29667364/instituto-agora-abre-inscricoes-para-curso-basico-de-espanhol-no-ceres-facisa-e-multicampi.html]
[ceres.ufrn.br/noticias/29500151/proceem-abre-selecao-de-bolsistas-nas-areas-de-quimica-geografia-e-sociologia-filosofia-para-atuar-no-ceres-currais-novos.html]
[ceres.ufrn.br/noticias/29259013/ceres-realiza-a-ii-semana-pedagogica.html]
[ceres.ufrn.br/noticias/29110343/ceres-abre-processo-seletivo-para-mestrado-academico-em-geografia.html]
[ceres.ufrn.br/noticias/28530667/comecou-o-3-encontro-norte-rio-grandense-de-educacao-integral.html]
[arquivos.info.ufrn.br/arquivos/2018021177c60f5641686ed21e69ec50e/edu.jpg]
[ceres.ufrn.br/noticias/28433692/educacao-para-a-cidadania-oficinas-e-palestras-dia-23-em-caico.html]
[arquivos.info.ufrn.br/arquivos/2018252124fcd85609469bd1597d27929/imagem.png]
[ceres.ufrn.br/noticias/28353870/recomendacao-do-ministerio-publico-federal-a-direcao-do-ceres-acerca-de-frequencia-de-docentes.html]
[ceres.ufrn.br/noticias/28200694/curso-de-turismo-do-ceres-realiza-i-encontro-geoparque-serido.html]
[ceres.ufrn.br/noticias/28181781/v-semana-de-matematica-do-ceres-comeca-neste-dia-24.html]
[arquivos.info.ufrn.br/arquivos/20180970703821553410687105286bc18/iv_semana_de_informatica.jpg]
[ceres.ufrn.br/noticias/28177310/comeca-hoje-a-iv-semana-de-informatica-do-ceres.html]
[ceres.ufrn.br/noticias/27881335/seminario-de-relancamento-do-grupo-de-pesquisa-historia-cultura-e-poder-gphcp-departamento-de-historia-do-ceres-ufrn.html]
[arquivos.info.ufrn.br/arquivos/201805110438e954083173a86d5141414/logo.png]
[ceres.ufrn.br/noticias/27797154/ceres-realizara-a-mostra-de-profissoes-da-ufrn-2018.html]
[ceres.ufrn.br/noticias/26997867/instituto-agora-seleciona-bolsistas-para-dar-aula-de-espanhol.html]
[arquivos.info.ufrn.br/arquivos/2018241041303d5205805c662740745cd/caderno_seridoense.jpg]
[ceres.ufrn.br/noticias/26768991/ceres-disponibiliza-em-formato-digital-o-caderno-seridoense-iniciativa-pioneira-de-publicacao-da-producao-cientifica-do-centro.html]
[arquivos.info.ufrn.br/arquivos/20181951518a0c518944999a0bc9d9885/anpuh.png]
[ceres.ufrn.br/noticias/26701200/comeca-hoje-vii-encontro-estadual-de-historia-anpuh-rn-2018.html]
[ceres.ufrn.br/noticias/26617710/edital-de-processo-seletivo-para-professor-substituto-na-area-analise-de-sistemas-e-tecnologia-da-informacao.html]
[ceres.ufrn.br/noticias/26591469/nota-de-pesar-pelo-falecimento-do-professor-edilson-rubens-lopes-de-souza.html]
[ceres.ufrn.br/noticias/26482109/ufrn-oferece-especializacao-em-gestao-estrategica-de-pessoas.html]
[ceres.ufrn.br/noticias/26361426/ufrn-abre-concurso-publico-para-professor-com-vagas-para-o-ceres.html]
[ceres.ufrn.br/noticias/26328493/ceres-campus-currais-novos-sedia-reuniao-do-comite-territorial-de-educacao-integral-do-rn.html]
[arquivos.info.ufrn.br/arquivos/20180321874fc75040890450b8e38657e/I_Marxismos.jpg]
[ceres.ufrn.br/noticias/26288565/ceres-caico-exibira-filme-o-jovem-marx.html]
[ceres.ufrn.br/noticias/26199809/mestrado-profissional-em-geografia-geoprof-abre-processo-seletivo.html]
[ceres.ufrn.br/noticias/26088689/ceres-caico-oferece-especializacao-em-atendimento-educacional-especializado.html]
[arquivos.info.ufrn.br/arquivos/20182470967a7b4960224b52aa7c89f60/Folder.jpg]
[ceres.ufrn.br/noticias/25964033/ceres-sediara-seminario-sobre-cartografia-de-paisagens.html]
[arquivos.info.ufrn.br/arquivos/2018187246d55c49602042fc12a9477b0/CORDELTECA.jpg]
[ceres.ufrn.br/noticias/25963692/cordelteca-da-ufrn-djalma-mota-divulga-horario-de-funcionamento.html]
[ceres.ufrn.br/noticias/25812032/ceres-currais-novos-abre-processo-seletivo-para-professor-substituto-de-espanhol.html]
[ceres.ufrn.br/noticias/25811873/ceres-currais-novos-oferece-especializacao-em-literatura-e-ensino.html]
[ceres.ufrn.br/noticias/25692817/curso-de-letras-espanhol-foi-reconhecido-pelo-ministerio-da-educacao.html]
[ceres.ufrn.br/noticias/25433743/nota-de-pesar.html]
[ceres.ufrn.br/noticias/25172524/proae-publica-edital-sobre-programas-de-assistencia-estudantil.html]
[ceres.ufrn.br/noticias/25085371/instituto-agora-abre-inscricoes-para-cursos-de-ingles-e-espanhol-no-interior.html]
[ceres.ufrn.br/noticias/25028187/proceem-abre-selecao-de-bolsistas-no-ceres.html]
[ceres.ufrn.br/noticias/24425564/o-programa-de-aperfeicoamento-para-professores-de-matematica-do-ensino-medio-papmem-abrira-inscricoes-para-o-periodo-2018-1.html]
[arquivos.info.ufrn.br/arquivos/20172280986bfe463642024008615e980/Festival_de_Teatro.jpg]
[ceres.ufrn.br/noticias/24362648/ceres-realizara-o-1o-festival-nacional-de-teatro-da-ufrn-no-periodo-de-12-a-16-de-dezembro-de-2017.html]
[ceres.ufrn.br/noticias/24308845/o-ceres-sediara-o-i-workshop-de-biogeografia-aplicada-workbio2017.html]
[arquivos.info.ufrn.br/arquivos/2017098061a50f461102414cecfecec78/Encontro_de_culminncia_-_grande.jpg]
[ceres.ufrn.br/noticias/24298446/pibid-letras-presencial-do-ceres-currais-novos-promovera-evento-de-extensao-dia-04-12-2017.html]
[arquivos.info.ufrn.br/arquivos/20170031925701454827515d49d5f296c/23376336_790140224520254_2977434521707102837_n.jpg]
[ceres.ufrn.br/noticias/24146455/campus-da-ufrn-em-currais-novos-completa-40-anos.html]
[ceres.ufrn.br/noticias/24108115/departamento-de-letras-do-ceres-oferece-especializacao-em-libras.html]
[ceres.ufrn.br/noticias/24107144/ceres-currais-novos-realiza-ii-simposio-sobre-inclusao-da-pessoa-com-deficiencia.html]
[ceres.ufrn.br/noticias/23981948/concurso-para-selecao-da-marca-alusiva-ao-quadragesimo-aniversario-do-campus-de-currais-novos-ufrn.html]
[arquivos.info.ufrn.br/arquivos/2017052013046a444774753e2e71b283b/3_info.jpg]
[ceres.ufrn.br/noticias/23924494/ceres-realiza-a-3a-semana-de-informatica-nestes-dias-09-10-e-11-de-outubro.html]
[arquivos.info.ufrn.br/arquivos/2017209176cfec45314008b4dd25ee200/Programao_1.jpeg]
[arquivos.info.ufrn.br/arquivos/20170961765f934447240431ebf3fea17/ps.jpg]
[ceres.ufrn.br/noticias/23923280/espetaculos-teatrais-no-ceres.html]
[ceres.ufrn.br/noticias/23325884/ceres-foca-no-aproveitamento-hidrico-para-um-campus-mais-sustentavel.html]
[ceres.ufrn.br/noticias/23297618/estudante-de-pedagogia-do-ceres-vence-premio-nacional-em-pesquisa.html]
[ceres.ufrn.br/noticias/22895120/editais-das-bolsas-de-assistencia-estudantil-para-2017.html]
[ceres.ufrn.br/noticias/22497127/ceres-de-caico-organiza-xiii-semana-de-estudos-historicos.html]
[ceres.ufrn.br/noticias/22485008/ceres-de-caico-realiza-iv-semana-de-matematica-a-partir-desta-quarta-feira.html]
[ceres.ufrn.br/noticias/22376431/viii-seminario-de-ensino-pesquisa-e-extensao-do-ceres-comeca-neste-dia-15.html]
[ceres.ufrn.br/noticias/22349044/centro-de-ensino-superior-do-serido-realiza-evento-sobre-educacao-infantil.html]
[ceres.ufrn.br/noticias/22327815/abertura-de-novos-cursos-no-ceres-e-tema-de-reuniao-na-reitoria.html]
[ceres.ufrn.br/noticias/22316912/escola-de-ciencias-medicas-promove-seminario-de-pesquisa-em-caico.html]
[ceres.ufrn.br/noticias/22216290/campus-de-currais-novos-sedia-i-encontro-potiguar-de-professores-de-espanhol.html]
[arquivos.info.ufrn.br/arquivos/20171050137096387828534c838028ebe/jeea.png]
[ceres.ufrn.br/noticias/21536113/ceres-realiza-aula-inaugural-2017-com-o-tema-universidade-conhecimento-e-cidadania.html]
[arquivos.info.ufrn.br/arquivos/20170700447ebc3878191684a59a31ba5/Divulgacao_NPJ.jpg]
[ceres.ufrn.br/noticias/21535978/reabertura-do-nucleo-de-pratica-juridica-do-ceres-ufrn.html]
[ceres.ufrn.br/noticias/21212935/publicados-os-editais-dos-programas-de-assistencia-estudantil-para-o-semestre-2017.html]
[ceres.ufrn.br/noticias/20716499/cordelteca-do-ceres-e-tema-do-boletim-especial-da-ufrn-numero-77--natal-rn-quarta-feira-30-de-novembro-de-2016.html]
[ceres.ufrn.br/noticias/20665571/ceres-sedia-o-i-simposio-nacional-de-estudos-do-texto-e-do-discurso.html]
[ceres.ufrn.br/noticias/20591158/comeca-hoje-o-vi-coloquio-nacional-historia-cultural-e-sensibilidades.html]
[ceres.ufrn.br/noticias/20493788/ceres-sedia-o-iii-simposio-de-geografia-fisica-do-nordeste.html]
[arquivos.info.ufrn.br/arquivos/2016002186769f3578830de5df8fee5d4/lana.gif]
[ceres.ufrn.br/noticias/20456421/aula-inaugural-do-mestrado-em-geografia-sera-realizada-neste-dia-14.html]
[ceres.ufrn.br/noticias/20377648/programacao-cultural-no-ceres-campus-de-caico-e-campus-de-currais-novos.html]
[ceres.ufrn.br/noticias/19908442/mestrado-profissional-em-letras-realiza-ciclo-de-palestras-sobre-ensino-e-pesquisa-em-lingua-portuguesa.html]
[arquivos.info.ufrn.br/arquivos/20161821845d303454770bdf0fee66bc4/Screenshot_20160821-164930_1.png]
[ceres.ufrn.br/noticias/19428773/convite.html]
[ceres.ufrn.br/noticias/19278703/selecao-bolsista-remunerado-na-area-de-lingua-espanhola-para-atuar-no-instituto-agora.html]
[ceres.ufrn.br/noticias/19249340/docentes-do-ceres-tem-projetos-aprovados-no-edital-002-2016-proex-ufrn-apoio-de-acoes-de-extensao-nas-areas-de-memoria-museus-documentacao-e-arquivos.html]
[ceres.ufrn.br/noticias/19221304/instituto-agora-abre-inscricoes-para-cursos-basicos-de-ingles-e-espanhol-no-ceres.html]
[ceres.ufrn.br/noticias/19205223/programa-de-bolsas-do-santander-seleciona-estudantes-da-ufrn.html]
[ceres.ufrn.br/noticias/19058016/selecao-para-bolsista-de-espanhol-do-instituto-agora.html]
[ceres.ufrn.br/noticias/18937900/proae-abre-processos-seletivos-de-auxilios-da-assistencia-estudantil-alimentacao-creche-oculos-atleta-transporte-e-residencia.html]
[arquivos.info.ufrn.br/arquivos/2016235217d3e233347798d52d0b4a8cd/ps.jpg]
[ceres.ufrn.br/noticias/18928897/espetaculo-ps-da-trapia-cia-teatral-e-associacao-uniao-do-sobrado-de-caico-participa-do-29-festival-universitario-de-teatro-de-blumenau.html]
[ceres.ufrn.br/noticias/18887754/departamento-de-letras-do-ceres-reabre-inscricoes-para-especializacao-em-lingua-espanhola.html]
[arquivos.info.ufrn.br/arquivos/20161371804b493328200242d0ffcb686/fnx.jpg]
[ceres.ufrn.br/noticias/18878891/ceres-recebera-competicao-de-xadrez-neste-dia-16-de-julho.html]
[ceres.ufrn.br/noticias/18803784/pibid-de-geografia-do-ceres-realiza-o-i-encontro-formativo-de-iniciacao-a-docencia.html]
[ceres.ufrn.br/noticias/18670841/departamento-de-letras-inscreve-para-especializacao-em-ensino-de-espanhol.html]
[arquivos.info.ufrn.br/arquivos/201620210402a0331759878ac7aa20624/pibid.jpeg]
[arquivos.info.ufrn.br/arquivos/2016086159e833327659338970d4c9634/Dilogos.jpg]
[ceres.ufrn.br/noticias/18650039/curso-de-extensao-em-educacao-pesquisa-e-ativismos8207.html]
[ceres.ufrn.br/noticias/18613344/departamento-de-geografia-e-oab-rn-realizam-programacao-comemorativa-ao-dia-mundial-do-meio-ambiente.html]
[arquivos.info.ufrn.br/arquivos/20160271016bb93263544e3b7a0f39898/dia_mundial_do_meio_ambiente.jpeg]
[arquivos.info.ufrn.br/arquivos/20161500213ada3259189e15ec3057063/semana_prevencao_2016.jpg]
[ceres.ufrn.br/noticias/18603436/a-prevencao-ao-uso-de-drogas-e-o-tema-da-semana-no-ceres.html]
[arquivos.info.ufrn.br/arquivos/2016164124e2b73259199f2d3c831d2b2/semana_historia_2016.jpg]
[ceres.ufrn.br/noticias/18603380/xii-semana-de-estudos-historicos-do-ceres-comeca-neste-dia-01-06.html]
[arquivos.info.ufrn.br/arquivos/20161501735b943222362be842553768f/Sinfonica.jpg]
[ceres.ufrn.br/noticias/18488122/orquestra-sinfonica-da-ufrn-abre-o-vii-seminario-de-ensino-pesquisa-e-extensao-do-ceres.html]
[ceres.ufrn.br/documentos/documento2f46.html]
[ceres.ufrn.br/documentos/documentoc7b0.html]
[ceres.ufrn.br/documentos/documento9d7f.html]
[ceres.ufrn.br/documentos/documentod68f.html]
[ceres.ufrn.br/documentos/documentoe3db.html]
[ceres.ufrn.br/documentos/documento3c0f.html]
[ceres.ufrn.br/documentos/documento3d7d.html]
[ceres.ufrn.br/documentos/documento0a05.html]
[ceres.ufrn.br/documentos/documentoc5cd.html]
[ceres.ufrn.br/documentos/documentof188.html]
[ceres.ufrn.br/documentos/documentob123.html]
[ceres.ufrn.br/documentos/documentoa738.html]
[ceres.ufrn.br/documentos/documento3fbe.html]
[ceres.ufrn.br/documentos/documento78d0.html]
[ceres.ufrn.br/documentos/documentoe723.html]
[ceres.ufrn.br/documentos/documentof529.html]
[ceres.ufrn.br/documentos/documento3ac0.html]
[ceres.ufrn.br/documentos/documento15d8.html]
[ceres.ufrn.br/documentos/documento6086.html]
[ceres.ufrn.br/documentos/documento9b37.html]
[ceres.ufrn.br/documentos/documento84b3.html]
[ceres.ufrn.br/documentos/documento9179.html]
[ceres.ufrn.br/documentos/documento94ba.html]
[ceres.ufrn.br/documentos/documentoa91f.html]
[ceres.ufrn.br/documentos/documento2032.html]
[ceres.ufrn.br/documentos/documento197a.html]
[ceres.ufrn.br/documentos/documentoad05.html]
[ceres.ufrn.br/documentos/documento58c9.html]
[ceres.ufrn.br/documentos/documento4b00.html]
[ceres.ufrn.br/documentos/documento0cab.html]
[ceres.ufrn.br/documentos/documento3d4a.html]
[ceres.ufrn.br/documentos/documento53ff.html]
[ceres.ufrn.br/documentos/documento03be.html]
[ceres.ufrn.br/documentos/documento0dc2.html]
[ceres.ufrn.br/documentos/documento5c74.html]
[ceres.ufrn.br/documentos/documento704d.html]
[ceres.ufrn.br/documentos/documento5f7a.html]
[ceres.ufrn.br/documentos/documento4bb9.html]
[ceres.ufrn.br/documentos/documento62af.html]
[ceres.ufrn.br/documentos/documento90df.html]
[ceres.ufrn.br/documentos/documentof943.html]
[ceres.ufrn.br/documentos/documentod09d.html]
[ceres.ufrn.br/documentos/documento57ad.html]
[ceres.ufrn.br/documentos/documento2d0d.html]
[ceres.ufrn.br/documentos/documentof7dc.html]
[ceres.ufrn.br/documentos/documento2dd2.html]
[ceres.ufrn.br/documentos/documento5bb3.html]
[ceres.ufrn.br/documentos/documentobb11.html]
[ceres.ufrn.br/documentos/documentocd91.html]
[ceres.ufrn.br/documentos/documento6651.html]
[ceres.ufrn.br/documentos/documentoe043.html]
[ceres.ufrn.br/documentos/documento4470.html]
[ceres.ufrn.br/documentos/documento8332.html]
[ceres.ufrn.br/documentos/documento5d30.html]
[ceres.ufrn.br/documentos/documento8493.html]
[ceres.ufrn.br/documentos/documentoeb39.html]
[ceres.ufrn.br/documentos/documentoa9f6.html]
[ceres.ufrn.br/documentos/documentof071.html]
[ceres.ufrn.br/documentos/documentoc83d.html]
[ceres.ufrn.br/documentos/documento3d09.html]
[ceres.ufrn.br/documentos/documento2d37.html]
[ceres.ufrn.br/documentos/documentoe806.html]
[ceres.ufrn.br/documentos/documentob5df.html]
[ceres.ufrn.br/documentos/documentoa037.html]
[ceres.ufrn.br/documentos/documentoe5c1.html]
[ceres.ufrn.br/documentos/documento5a35.html]
[ceres.ufrn.br/documentos/documentoefca.html]
[ceres.ufrn.br/documentos/documento662a.html]
[ceres.ufrn.br/documentos/documentocd50.html]
[ceres.ufrn.br/documentos/documentoc73c.html]
[ceres.ufrn.br/documentos/documento0992.html]
[ceres.ufrn.br/documentos/documento21a2.html]
[ceres.ufrn.br/documentos/documentode9a.html]
[ceres.ufrn.br/documentos/documento1904.html]
[ceres.ufrn.br/documentos/documentof0b5.html]
[ceres.ufrn.br/documentos/documento6c4b.html]
[ceres.ufrn.br/documentos/documentod61f.html]
[ceres.ufrn.br/documentos/documento7fb8.html]
[ceres.ufrn.br/documentos/documento1b55.html]
[ceres.ufrn.br/documentos/documento4dbf.html]
[ceres.ufrn.br/documentos/documentoee63.html]
[ceres.ufrn.br/documentos/documentoed71.html]
[ceres.ufrn.br/documentos/documentoa007.html]
[ceres.ufrn.br/documentos/documento02a7.html]
[ceres.ufrn.br/documentos/documentoe518.html]
[ceres.ufrn.br/documentos/documento9435.html]
[ceres.ufrn.br/documentos/documentobe99.html]
[ceres.ufrn.br/documentos/documento3baa.html]
[ceres.ufrn.br/documentos/documento1dc1.html]
[ceres.ufrn.br/documentos/documentob9d1.html]
[ceres.ufrn.br/documentos/documentob1b8.html]
[ceres.ufrn.br/documentos/documento5ba9.html]
[ceres.ufrn.br/documentos/documentoe140.html]
[ceres.ufrn.br/documentos/documento6ccf.html]
[ceres.ufrn.br/documentos/documento115a.html]
[ceres.ufrn.br/documentos/documento04c6.html]
[ceres.ufrn.br/documentos/documento5ba3.html]
[ceres.ufrn.br/documentos/documentoafc1.html]
[ceres.ufrn.br/documentos/documento77ec.html]
[ceres.ufrn.br/documentos/documento4404.html]
[ceres.ufrn.br/documentos/documentoe061.html]
[ceres.ufrn.br/documentos/documentoc6c1.html]
[ceres.ufrn.br/documentos/documentob8fa.html]
[ceres.ufrn.br/documentos/documentoe5e1.html]
[ceres.ufrn.br/documentos/documento737f.html]
[ceres.ufrn.br/documentos/documento9857.html]
[ceres.ufrn.br/documentos/documento7b53.html]
[ceres.ufrn.br/documentos/documento507b.html]
[ceres.ufrn.br/documentos/documentof7f3.html]
[ceres.ufrn.br/documentos/documento4c0c.html]
[ceres.ufrn.br/documentos/documento4dca.html]
[ceres.ufrn.br/documentos/documento9494.html]
[ceres.ufrn.br/documentos/documentoaaa4.html]
[ceres.ufrn.br/documentos/documentoa9ee.html]
[ceres.ufrn.br/documentos/documentod83e.html]
[ceres.ufrn.br/documentos/documento9a83.html]
[ceres.ufrn.br/documentos/documentob778.html]
[ceres.ufrn.br/documentos/documento0083.html]
[ceres.ufrn.br/documentos/documentoff03.html]
[ceres.ufrn.br/documentos/documento3282.html]
[ceres.ufrn.br/documentos/documento1c47.html]
[ceres.ufrn.br/documentos/documento7e55.html]
[ceres.ufrn.br/documentos/documento4a37.html]
[ceres.ufrn.br/documentos/documento6320.html]
[ceres.ufrn.br/documentos/documento0c36.html]
[ceres.ufrn.br/documentos/documento98b4.html]
[ceres.ufrn.br/documentos/documento4ff7.html]
[ceres.ufrn.br/documentos/documento537c.html]
[ceres.ufrn.br/documentos/documento77dc.html]
[ceres.ufrn.br/documentos/documento5caa.html]
[ceres.ufrn.br/documentos/documentoe885.html]
[ceres.ufrn.br/documentos/documento820a.html]
[ceres.ufrn.br/documentos/documentofc17.html]
[ceres.ufrn.br/documentos/documentof8e0.html]
[ceres.ufrn.br/documentos/documentoc65f.html]
[ceres.ufrn.br/documentos/documento1197.html]
[ceres.ufrn.br/documentos/documentoe17a.html]
[ceres.ufrn.br/documentos/documento6eec.html]
[ceres.ufrn.br/documentos/documento2c1d.html]
[ceres.ufrn.br/documentos/documentob92e.html]
[ceres.ufrn.br/documentos/documento5087.html]
[ceres.ufrn.br/documentos/documentof8ef.html]
[ceres.ufrn.br/documentos/documento803f.html]
[ceres.ufrn.br/documentos/documentob67c.html]
[ceres.ufrn.br/documentos/documentoe021.html]
[ceres.ufrn.br/documentos/documentoa73a.html]
[ceres.ufrn.br/documentos/documento4811.html]
[ceres.ufrn.br/documentos/documento64cd.html]
[ceres.ufrn.br/documentos/documento76ca.html]
[ceres.ufrn.br/documentos/documentoe64e.html]
[ceres.ufrn.br/documentos/documentofe47.html]
[ceres.ufrn.br/documentos/documentoa942.html]
[ceres.ufrn.br/documentos/documentod575.html]
[ceres.ufrn.br/documentos/documento6694.html]
[ceres.ufrn.br/documentos/documento0023.html]
[ceres.ufrn.br/documentos/documentobcd2.html]
[ceres.ufrn.br/documentos/documento6f23.html]
[ceres.ufrn.br/documentos/documento6781.html]
[ceres.ufrn.br/documentos/documentofca5.html]
[ceres.ufrn.br/documentos/documento2513.html]
[ceres.ufrn.br/documentos/documentoc4be.html]
[ceres.ufrn.br/documentos/documento0d6a.html]
[ceres.ufrn.br/documentos/documento96ed.html]
[ceres.ufrn.br/documentos/documento59d3.html]
[ceres.ufrn.br/documentos/documento4070.html]
[ceres.ufrn.br/documentos/documento7627.html]
[ceres.ufrn.br/documentos/documento55be.html]
[ceres.ufrn.br/documentos/documentod137.html]
[ceres.ufrn.br/documentos/documentoeb07.html]
[ceres.ufrn.br/documentos/documentodf28.html]
[ceres.ufrn.br/documentos/documentoa6c0.html]
[ceres.ufrn.br/documentos/documento5301.html]
[ceres.ufrn.br/documentos/documento976d.html]
[ceres.ufrn.br/documentos/documento2b95.html]
[ceres.ufrn.br/documentos/documento830d.html]
[ceres.ufrn.br/documentos/documentod158.html]
[ceres.ufrn.br/documentos/documentoe60c.html]
[ceres.ufrn.br/documentos/documentoa9e9.html]
[ceres.ufrn.br/documentos/documento7fa0.html]
[ceres.ufrn.br/documentos/documentodab5.html]
[ceres.ufrn.br/documentos/documentod408.html]
[ceres.ufrn.br/documentos/documentof169.html]
[ceres.ufrn.br/documentos/documento40b5.html]
[ceres.ufrn.br/documentos/documentof3df.html]
[ceres.ufrn.br/documentos/documento2735.html]
[ceres.ufrn.br/documentos/documento37ae.html]
[ceres.ufrn.br/documentos/documento853f.html]
[ceres.ufrn.br/documentos/documento1fcc.html]
[ceres.ufrn.br/documentos/documento45e0.html]
[ceres.ufrn.br/documentos/documentocf4b.html]
[ceres.ufrn.br/documentos/documento4ead.html]
[ceres.ufrn.br/documentos/documentof11c.html]
[ceres.ufrn.br/documentos/documento029b.html]
[ceres.ufrn.br/documentos/documento9096.html]
[ceres.ufrn.br/documentos/documento644c.html]
[ceres.ufrn.br/noticias/55635879/resultado-do-processo-seletivo-para-bolsista-de-apoio-tecnico-e-administrativo-para-discentes-de-graduacao-do-ceres]
[ceres.ufrn.br/documentos/documento9d7f.html]
[ceres.ufrn.br/documentos/documentod68f.html]
[arquivos.info.ufrn.br/arquivos/2018069079f79c5186147ae82e306e482/IMG_20180528_082015645_HDR.jpg]
[arquivos.info.ufrn.br/arquivos/201814714242205187296ac0e3b551ef8/IMG_20180529_072632003.jpg]
[arquivos.info.ufrn.br/arquivos/20180722186edf51873156aa81f801f8a/IMG_20180529_181742658.jpg]
[arquivos.info.ufrn.br/arquivos/2018186017de43518732685396f8b8428/IMG_20180529_204657968.jpg]
[arquivos.info.ufrn.br/arquivos/201801017687505187334e7542377b154/IMG_20180528_085109101.jpg]
[arquivos.info.ufrn.br/arquivos/2018013119f6fa5187188583529e2d2fb/IMG_20180528_085955272.jpg]
[arquivos.info.ufrn.br/arquivos/201817309099e85187344611f96ccb289/IMG_20180529_140735743.jpg]
[arquivos.info.ufrn.br/arquivos/2018136200622851873462a80d0927e9f/IMG_20180530_160427195.jpg]
[arquivos.info.ufrn.br/arquivos/2018221152a25751873480c872a6bf6a3/IMG_20180530_155828599.jpg]
[arquivos.info.ufrn.br/arquivos/2018239212e33651873834076f32b2d0f/IMG_20180530_192903292.jpg]
[ceres.ufrn.br/documentos/documento3c0f.html]
[ceres.ufrn.br/documentos/documento3d7d.html]
[arquivos.info.ufrn.br/arquivos/2017128050cefe438394445ea9e37e39d/Apresentao_Artistica_de_Abertura-_Grupo_Sementes_da_Terra.jpg]
[arquivos.info.ufrn.br/arquivos/20171691280dba4383946d66f41384020/Coffee_Break.jpg]
[arquivos.info.ufrn.br/arquivos/201724704789ec4383947da64ad3a0fa2/Credenciamento.jpg]
[arquivos.info.ufrn.br/arquivos/20171240606b0b43839492a1c05fee7ca/Exposio_Fotografica_1.jpg]
[arquivos.info.ufrn.br/arquivos/2017102189409143839507d1acca115f3/Exposio_Fotografica_2.jpg]
[arquivos.info.ufrn.br/arquivos/2017077139588c4383953a5207a8a7c59/Exposio_Fotografica_3.jpg]
[arquivos.info.ufrn.br/arquivos/201707524405824383957ff0560832d71/Mesa_Redonda_de_Abertura_do_VIII_SEPE.jpg]
[arquivos.info.ufrn.br/arquivos/2017114251babd43839691f746f74cb8a/Mesa_Redonda_3.jpg]
[arquivos.info.ufrn.br/arquivos/20172542221d3b43839725b3d2b950586/Mesa_Redonda_4_1.jpg]
[arquivos.info.ufrn.br/arquivos/201707021760eb4384007834f9bfe5c26/Mesa_Redonda_5.jpg]
[arquivos.info.ufrn.br/arquivos/201709308463a643840091da2521e5d65/Mesa_Redonda_6.jpg]
[arquivos.info.ufrn.br/arquivos/2017082073e10f43840120c3c5e1d58d0/Mesa_Redonda_7.jpg]
[arquivos.info.ufrn.br/arquivos/20170281137a06438401369d773d54e78/Mesa_Redonda_8.jpg]
[arquivos.info.ufrn.br/arquivos/20170131745f474384017448fb561e1d2/Mesa_Redonda_9.jpg]
[arquivos.info.ufrn.br/arquivos/2017248072891043840193888447f8c53/Mesa_Redonda_10.jpg]
[arquivos.info.ufrn.br/arquivos/20170121368d38438402174ee1a4e5cd6/Minicurso.jpg]
[arquivos.info.ufrn.br/arquivos/201719000178cb4384025960f3f5ca4f0/Minicurso_2.jpg]
[arquivos.info.ufrn.br/arquivos/2017246057782743840271136cd3abad1/Minicurso_3.jpg]
[arquivos.info.ufrn.br/arquivos/20171842323d4a43840321b4b8b182f48/Minicurso_4.jpg]
[arquivos.info.ufrn.br/arquivos/201708413118ca43840388fa218f8e817/Minicurso_5.jpg]
[arquivos.info.ufrn.br/arquivos/2017111061b5054384040a69b82412994/Minicurso_6.jpg]
[arquivos.info.ufrn.br/arquivos/2017077186a3464384048c042cc07c02c/Minicurso_7.jpg]
[arquivos.info.ufrn.br/arquivos/2017092247247e4384055d8ec65323267/Oficinas.jpg]
[arquivos.info.ufrn.br/arquivos/20171491522d964384056afaf586711cf/Oficinas_2.jpg]
[arquivos.info.ufrn.br/arquivos/201722406176b34384057687fc7b991e3/Oficinas_3.jpg]
[arquivos.info.ufrn.br/arquivos/201721514163fc438406937749880a3ed/Oficinas_4.jpg]
[arquivos.info.ufrn.br/arquivos/2017183062a1014384078376705c67da3/Mesa_Redonda_de_Encerramento_do_VIII_SEPE.jpg]
[arquivos.info.ufrn.br/arquivos/201718506640c64384082b92c228f5ab1/Publico_presente_ao_Encerramento_do_VIII-SEPE.jpg]
[arquivos.info.ufrn.br/arquivos/2017084133dc424384110811bc6cbfced/Mesa_Redonda_2_2....jpg]
[ceres.ufrn.br/documentos/documentoc5cd.html]
[arquivos.info.ufrn.br/arquivos/2017232076c044439060717e29b62cd2b/Apresentao_da_Orquestra_da_UFRN_no_VII_SEPE.JPG]
[arquivos.info.ufrn.br/arquivos/2017161022bac9439061034878adc18b1/Comunidade_do_Serid_presente_na_apresentao_da_Orquestra_da_UFRN_no_VII_SEPE.JPG]
[arquivos.info.ufrn.br/arquivos/20172040221f114390628e03d15c7960b/Abertura_do_Evento.JPG]
[arquivos.info.ufrn.br/arquivos/2017020043b1e14390630afce5ae422c8/Presena_do_Pblico_na_Abertura_do_Evento_2.JPG]
[arquivos.info.ufrn.br/arquivos/2017253232186543906322d1b219e71d7/Presena_do_Pblico_na_Abertura_do_Evento_3.JPG]
[arquivos.info.ufrn.br/arquivos/20170971564f39439063408d0655440a0/Mesa_de_Abertura_do_Evento_2.JPG]
[arquivos.info.ufrn.br/arquivos/2017042105afcf4390640ae94155c6e0e/Mesa_de_Abertura_do_Evento.JPG]
[arquivos.info.ufrn.br/arquivos/2017241157317c439064563221f38c822/Palestra_de_Abertura-_A_Climatologia_no_Serid.JPG]
[arquivos.info.ufrn.br/arquivos/2017189128cb394390647e225f06c023e/Credenciamento_VII_SEPE.JPG]
[arquivos.info.ufrn.br/arquivos/20170410478b18439064923069c26a3ab/Oficinas.JPG]
[arquivos.info.ufrn.br/arquivos/20170481951589439065382165caa6d2b/Oficinas_2.JPG]
[arquivos.info.ufrn.br/arquivos/201714804548754390656d69a4b9396ed/Oficinas_3.JPG]
[arquivos.info.ufrn.br/arquivos/201701103473934390658bfd8a9ecce88/I_Simpsio_de_Climatologia-_CERESUFRNINPE.JPG]
[arquivos.info.ufrn.br/arquivos/2017170018ca5743906633783edc03f59/I_Simpsio_de_Climatologia-_CERESUFRNINPE_2.JPG]
[arquivos.info.ufrn.br/arquivos/2017134055e0f743906674126a932eb33/Coffee_Break-_VII_SEPE.JPG]
[arquivos.info.ufrn.br/arquivos/2017206046f44643906689e6f9134d548/Banner_do_VII_SEPE_na_praa_do_CERESCaic.JPG]
[arquivos.info.ufrn.br/arquivos/20170760921dd94390672865e6bb54b13/Minicursos.JPG]
[arquivos.info.ufrn.br/arquivos/20170851776f164390678b8558fbc4ac9/Minicursos_2.JPG]
[arquivos.info.ufrn.br/arquivos/2017176212d85643906810e18fac30cdb/Minicursos_3.JPG]
[arquivos.info.ufrn.br/arquivos/2017184251d5f84390685b4cc99114bb2/Minicursos_4.JPG]
[arquivos.info.ufrn.br/arquivos/20171861247d324390687236b60157748/Minicursos_5.JPG]
[ceres.ufrn.br/documentos/documentof188.html]
[ceres.ufrn.br/documentos/documento6320.html]
